==== Wed May 28 18:55:48 UTC 2025 ====
From github.com:NovaTayler/NovaOpsRemote
 * branch            main       -> FETCH_HEAD
Already up to date.
==== Wed May 28 18:56:01 UTC 2025 ====
From github.com:NovaTayler/NovaOpsRemote
 * branch            main       -> FETCH_HEAD
Already up to date.
==== Wed May 28 18:57:01 UTC 2025 ====
From github.com:NovaTayler/NovaOpsRemote
 * branch            main       -> FETCH_HEAD
Already up to date.
==== Wed May 28 18:58:01 UTC 2025 ====
From github.com:NovaTayler/NovaOpsRemote
 * branch            main       -> FETCH_HEAD
Already up to date.
==== Wed May 28 18:59:01 UTC 2025 ====
From github.com:NovaTayler/NovaOpsRemote
 * branch            main       -> FETCH_HEAD
Already up to date.
==== Wed May 28 18:59:21 UTC 2025 ====
From github.com:NovaTayler/NovaOpsRemote
 * branch            main       -> FETCH_HEAD
Already up to date.
==== Wed May 28 19:00:01 UTC 2025 ====
From github.com:NovaTayler/NovaOpsRemote
 * branch            main       -> FETCH_HEAD
Already up to date.
==== Wed May 28 19:01:01 UTC 2025 ====
From github.com:NovaTayler/NovaOpsRemote
 * branch            main       -> FETCH_HEAD
Already up to date.
==== Wed May 28 19:01:11 UTC 2025 ====
From github.com:NovaTayler/NovaOpsRemote
 * branch            main       -> FETCH_HEAD
Already up to date.
==== Wed May 28 19:02:01 UTC 2025 ====
From github.com:NovaTayler/NovaOpsRemote
 * branch            main       -> FETCH_HEAD
Already up to date.
==== Wed May 28 19:03:01 UTC 2025 ====
From github.com:NovaTayler/NovaOpsRemote
 * branch            main       -> FETCH_HEAD
Already up to date.
==== Wed May 28 19:04:01 UTC 2025 ====
From github.com:NovaTayler/NovaOpsRemote
 * branch            main       -> FETCH_HEAD
Already up to date.
==== Wed May 28 19:05:01 UTC 2025 ====
From github.com:NovaTayler/NovaOpsRemote
 * branch            main       -> FETCH_HEAD
Already up to date.
==== Wed May 28 19:06:01 UTC 2025 ====
From github.com:NovaTayler/NovaOpsRemote
 * branch            main       -> FETCH_HEAD
Already up to date.
==== Wed May 28 19:07:01 UTC 2025 ====
From github.com:NovaTayler/NovaOpsRemote
 * branch            main       -> FETCH_HEAD
Already up to date.
==== Wed May 28 19:08:01 UTC 2025 ====
From github.com:NovaTayler/NovaOpsRemote
 * branch            main       -> FETCH_HEAD
Already up to date.
==== Wed May 28 19:09:01 UTC 2025 ====
From github.com:NovaTayler/NovaOpsRemote
 * branch            main       -> FETCH_HEAD
Already up to date.
==== Wed May 28 19:10:01 UTC 2025 ====
From github.com:NovaTayler/NovaOpsRemote
 * branch            main       -> FETCH_HEAD
Already up to date.
==== Wed May 28 19:11:01 UTC 2025 ====
From github.com:NovaTayler/NovaOpsRemote
 * branch            main       -> FETCH_HEAD
Already up to date.
==== Wed May 28 19:12:01 UTC 2025 ====
From github.com:NovaTayler/NovaOpsRemote
 * branch            main       -> FETCH_HEAD
Already up to date.
==== Wed May 28 19:13:01 UTC 2025 ====
From github.com:NovaTayler/NovaOpsRemote
 * branch            main       -> FETCH_HEAD
Already up to date.
==== Wed May 28 19:14:01 UTC 2025 ====
From github.com:NovaTayler/NovaOpsRemote
 * branch            main       -> FETCH_HEAD
Already up to date.
==== Wed May 28 19:15:01 UTC 2025 ====
From github.com:NovaTayler/NovaOpsRemote
 * branch            main       -> FETCH_HEAD
Already up to date.
==== Wed May 28 19:16:01 UTC 2025 ====
From github.com:NovaTayler/NovaOpsRemote
 * branch            main       -> FETCH_HEAD
Already up to date.
==== Wed May 28 19:17:01 UTC 2025 ====
From github.com:NovaTayler/NovaOpsRemote
 * branch            main       -> FETCH_HEAD
Already up to date.
==== Wed May 28 19:18:01 UTC 2025 ====
From github.com:NovaTayler/NovaOpsRemote
 * branch            main       -> FETCH_HEAD
Already up to date.
==== Wed May 28 19:19:01 UTC 2025 ====
From github.com:NovaTayler/NovaOpsRemote
 * branch            main       -> FETCH_HEAD
Already up to date.
==== Wed May 28 19:20:01 UTC 2025 ====
From github.com:NovaTayler/NovaOpsRemote
 * branch            main       -> FETCH_HEAD
Already up to date.
==== Wed May 28 19:21:01 UTC 2025 ====
From github.com:NovaTayler/NovaOpsRemote
 * branch            main       -> FETCH_HEAD
Already up to date.
==== Wed May 28 19:22:01 UTC 2025 ====
From github.com:NovaTayler/NovaOpsRemote
 * branch            main       -> FETCH_HEAD
Already up to date.
==== Wed May 28 19:23:01 UTC 2025 ====
From github.com:NovaTayler/NovaOpsRemote
 * branch            main       -> FETCH_HEAD
warning: fetch updated the current branch head.
fast-forwarding your working tree from
commit 42af54e702aeafdc9bbabd5c5cc4a71cddd3fade.
error: Your local changes to the following files would be overwritten by merge:
	genesiscore/telemetry.log
	novapush.log
Please commit your changes or stash them before you merge.
Aborting
fatal: Cannot fast-forward your working tree.
After making sure that you saved anything precious from
$ git diff 42af54e702aeafdc9bbabd5c5cc4a71cddd3fade
output, run
$ git reset --hard
to recover.
==== Wed May 28 19:24:01 UTC 2025 ====
From github.com:NovaTayler/NovaOpsRemote
 * branch            main       -> FETCH_HEAD
warning: fetch updated the current branch head.
fast-forwarding your working tree from
commit b1f674f9c59d0e15c224b183a98193c681cc47b6.
error: Your local changes to the following files would be overwritten by merge:
	genesiscore/telemetry.log
	novapush.log
Please commit your changes or stash them before you merge.
Aborting
fatal: Cannot fast-forward your working tree.
After making sure that you saved anything precious from
$ git diff b1f674f9c59d0e15c224b183a98193c681cc47b6
output, run
$ git reset --hard
to recover.
==== Wed May 28 19:25:01 UTC 2025 ====
From github.com:NovaTayler/NovaOpsRemote
 * branch            main       -> FETCH_HEAD
warning: fetch updated the current branch head.
fast-forwarding your working tree from
commit a39ce94b11a95c4d7fa4946ba5791688d5d9950b.
error: Your local changes to the following files would be overwritten by merge:
	novapush.log
Please commit your changes or stash them before you merge.
error: The following untracked working tree files would be overwritten by merge:
	genesiscore/autopush.log
Please move or remove them before you merge.
Aborting
fatal: Cannot fast-forward your working tree.
After making sure that you saved anything precious from
$ git diff a39ce94b11a95c4d7fa4946ba5791688d5d9950b
output, run
$ git reset --hard
to recover.
==== Wed May 28 19:26:01 UTC 2025 ====
From github.com:NovaTayler/NovaOpsRemote
 * branch            main       -> FETCH_HEAD
warning: fetch updated the current branch head.
fast-forwarding your working tree from
commit 449997ca9d74d1a92ff109c8c33e71876f91fa1f.
error: Your local changes to the following files would be overwritten by merge:
	genesiscore/autopush.log
	genesiscore/telemetry.log
	novapush.log
Please commit your changes or stash them before you merge.
error: The following untracked working tree files would be overwritten by merge:
	genesiscore/relay.out
Please move or remove them before you merge.
Aborting
fatal: Cannot fast-forward your working tree.
After making sure that you saved anything precious from
$ git diff 449997ca9d74d1a92ff109c8c33e71876f91fa1f
output, run
$ git reset --hard
to recover.
==== Wed May 28 19:27:01 UTC 2025 ====
From github.com:NovaTayler/NovaOpsRemote
 * branch            main       -> FETCH_HEAD
warning: fetch updated the current branch head.
fast-forwarding your working tree from
commit eb5ffbdb37617af5c508e08620fb5288e3b15b2f.
error: Your local changes to the following files would be overwritten by merge:
	genesiscore/autopush.log
	genesiscore/relay.out
	genesiscore/telemetry.log
	novapush.log
Please commit your changes or stash them before you merge.
error: The following untracked working tree files would be overwritten by merge:
	genesiscore/nova_shell_relay.py
Please move or remove them before you merge.
Aborting
fatal: Cannot fast-forward your working tree.
After making sure that you saved anything precious from
$ git diff eb5ffbdb37617af5c508e08620fb5288e3b15b2f
output, run
$ git reset --hard
to recover.
==== Wed May 28 19:28:01 UTC 2025 ====
From github.com:NovaTayler/NovaOpsRemote
 * branch            main       -> FETCH_HEAD
warning: fetch updated the current branch head.
fast-forwarding your working tree from
commit 6e830760d5aed45eb4ab3ce2aa2532913871ea08.
error: Your local changes to the following files would be overwritten by merge:
	genesiscore/autopush.log
	genesiscore/telemetry.log
	novapush.log
Please commit your changes or stash them before you merge.
Aborting
fatal: Cannot fast-forward your working tree.
After making sure that you saved anything precious from
$ git diff 6e830760d5aed45eb4ab3ce2aa2532913871ea08
output, run
$ git reset --hard
to recover.
==== Wed May 28 19:29:01 UTC 2025 ====
From github.com:NovaTayler/NovaOpsRemote
 * branch            main       -> FETCH_HEAD
warning: fetch updated the current branch head.
fast-forwarding your working tree from
commit ed05fe9cdd0d6936547653e3ad8b0e37aa0c55a2.
error: Your local changes to the following files would be overwritten by merge:
	genesiscore/autopush.log
	genesiscore/telemetry.log
	novapush.log
Please commit your changes or stash them before you merge.
Aborting
fatal: Cannot fast-forward your working tree.
After making sure that you saved anything precious from
$ git diff ed05fe9cdd0d6936547653e3ad8b0e37aa0c55a2
output, run
$ git reset --hard
to recover.
==== Wed May 28 19:30:01 UTC 2025 ====
From github.com:NovaTayler/NovaOpsRemote
 * branch            main       -> FETCH_HEAD
warning: fetch updated the current branch head.
fast-forwarding your working tree from
commit c4014c2358f3f65973a6e83c141d2d6fb8fbb995.
error: Your local changes to the following files would be overwritten by merge:
	genesiscore/autopush.log
	genesiscore/telemetry.log
	novapush.log
Please commit your changes or stash them before you merge.
error: The following untracked working tree files would be overwritten by merge:
	genesiscore/exec.out
	genesiscore/relay_exec.log
	genesiscore/relay_executor.py
Please move or remove them before you merge.
Aborting
fatal: Cannot fast-forward your working tree.
After making sure that you saved anything precious from
$ git diff c4014c2358f3f65973a6e83c141d2d6fb8fbb995
output, run
$ git reset --hard
to recover.
==== Wed May 28 19:31:01 UTC 2025 ====
From github.com:NovaTayler/NovaOpsRemote
 * branch            main       -> FETCH_HEAD
warning: fetch updated the current branch head.
fast-forwarding your working tree from
commit a96283749e5f860a7c86effddf22892c0bd70224.
error: Your local changes to the following files would be overwritten by merge:
	genesiscore/autopush.log
	genesiscore/relay_exec.log
	genesiscore/telemetry.log
	novapush.log
Please commit your changes or stash them before you merge.
Aborting
fatal: Cannot fast-forward your working tree.
After making sure that you saved anything precious from
$ git diff a96283749e5f860a7c86effddf22892c0bd70224
output, run
$ git reset --hard
to recover.
==== Wed May 28 19:32:01 UTC 2025 ====
From github.com:NovaTayler/NovaOpsRemote
 * branch            main       -> FETCH_HEAD
warning: fetch updated the current branch head.
fast-forwarding your working tree from
commit f77365096c124e8ab7afc295f2a7205086755ccc.
error: Your local changes to the following files would be overwritten by merge:
	genesiscore/autopush.log
	genesiscore/relay_exec.log
	genesiscore/telemetry.log
	novapush.log
Please commit your changes or stash them before you merge.
Aborting
fatal: Cannot fast-forward your working tree.
After making sure that you saved anything precious from
$ git diff f77365096c124e8ab7afc295f2a7205086755ccc
output, run
$ git reset --hard
to recover.
==== Wed May 28 19:33:01 UTC 2025 ====
From github.com:NovaTayler/NovaOpsRemote
 * branch            main       -> FETCH_HEAD
warning: fetch updated the current branch head.
fast-forwarding your working tree from
commit 07b868f013c795fd8d5f9bf38c8244bd816df8fb.
error: Your local changes to the following files would be overwritten by merge:
	genesiscore/autopush.log
	genesiscore/relay.out
	genesiscore/relay_exec.log
	genesiscore/telemetry.log
	novapush.log
Please commit your changes or stash them before you merge.
error: The following untracked working tree files would be overwritten by merge:
	command/latest.txt
Please move or remove them before you merge.
Aborting
fatal: Cannot fast-forward your working tree.
After making sure that you saved anything precious from
$ git diff 07b868f013c795fd8d5f9bf38c8244bd816df8fb
output, run
$ git reset --hard
to recover.
==== Wed May 28 19:34:01 UTC 2025 ====
From github.com:NovaTayler/NovaOpsRemote
 * branch            main       -> FETCH_HEAD
warning: fetch updated the current branch head.
fast-forwarding your working tree from
commit 2b2e473833f9ce0f92a0dbe2c02ab965c3c71b1e.
error: Your local changes to the following files would be overwritten by merge:
	genesiscore/autopush.log
	genesiscore/relay_exec.log
	genesiscore/telemetry.log
	novapush.log
Please commit your changes or stash them before you merge.
Aborting
fatal: Cannot fast-forward your working tree.
After making sure that you saved anything precious from
$ git diff 2b2e473833f9ce0f92a0dbe2c02ab965c3c71b1e
output, run
$ git reset --hard
to recover.
==== Wed May 28 19:35:01 UTC 2025 ====
From github.com:NovaTayler/NovaOpsRemote
 * branch            main       -> FETCH_HEAD
warning: fetch updated the current branch head.
fast-forwarding your working tree from
commit 93a56d5f01913fd9bb39b29c6480967f5cfed9ec.
error: Your local changes to the following files would be overwritten by merge:
	genesiscore/autopush.log
	genesiscore/relay_exec.log
	genesiscore/telemetry.log
	novapush.log
Please commit your changes or stash them before you merge.
Aborting
fatal: Cannot fast-forward your working tree.
After making sure that you saved anything precious from
$ git diff 93a56d5f01913fd9bb39b29c6480967f5cfed9ec
output, run
$ git reset --hard
to recover.
==== Wed May 28 19:36:01 UTC 2025 ====
From github.com:NovaTayler/NovaOpsRemote
 * branch            main       -> FETCH_HEAD
warning: fetch updated the current branch head.
fast-forwarding your working tree from
commit 3f9484bd044b52d676abb17c431c67ac59ce6733.
error: Your local changes to the following files would be overwritten by merge:
	genesiscore/autopush.log
	genesiscore/relay_exec.log
	genesiscore/telemetry.log
	novapush.log
Please commit your changes or stash them before you merge.
Aborting
fatal: Cannot fast-forward your working tree.
After making sure that you saved anything precious from
$ git diff 3f9484bd044b52d676abb17c431c67ac59ce6733
output, run
$ git reset --hard
to recover.
==== Wed May 28 19:37:01 UTC 2025 ====
From github.com:NovaTayler/NovaOpsRemote
 * branch            main       -> FETCH_HEAD
warning: fetch updated the current branch head.
fast-forwarding your working tree from
commit 5d7ae24231e9ad492b17953f3e4281050a993ab8.
error: Your local changes to the following files would be overwritten by merge:
	genesiscore/autopush.log
	genesiscore/relay_exec.log
	genesiscore/telemetry.log
	novapush.log
Please commit your changes or stash them before you merge.
Aborting
fatal: Cannot fast-forward your working tree.
After making sure that you saved anything precious from
$ git diff 5d7ae24231e9ad492b17953f3e4281050a993ab8
output, run
$ git reset --hard
to recover.
==== Wed May 28 19:38:01 UTC 2025 ====
From github.com:NovaTayler/NovaOpsRemote
 * branch            main       -> FETCH_HEAD
warning: fetch updated the current branch head.
fast-forwarding your working tree from
commit f7610667d65da9dc9b7e6a369832883ec4b41da2.
error: Your local changes to the following files would be overwritten by merge:
	genesiscore/autopush.log
	genesiscore/relay_exec.log
	genesiscore/telemetry.log
	novapush.log
Please commit your changes or stash them before you merge.
Aborting
fatal: Cannot fast-forward your working tree.
After making sure that you saved anything precious from
$ git diff f7610667d65da9dc9b7e6a369832883ec4b41da2
output, run
$ git reset --hard
to recover.
==== Wed May 28 19:39:01 UTC 2025 ====
From github.com:NovaTayler/NovaOpsRemote
 * branch            main       -> FETCH_HEAD
warning: fetch updated the current branch head.
fast-forwarding your working tree from
commit eabe9324106971fbe2b0161a52b9e5e28d39f7a4.
error: Your local changes to the following files would be overwritten by merge:
	genesiscore/autopush.log
	genesiscore/relay_exec.log
	genesiscore/telemetry.log
	novapush.log
Please commit your changes or stash them before you merge.
Aborting
fatal: Cannot fast-forward your working tree.
After making sure that you saved anything precious from
$ git diff eabe9324106971fbe2b0161a52b9e5e28d39f7a4
output, run
$ git reset --hard
to recover.
==== Wed May 28 19:40:01 UTC 2025 ====
From github.com:NovaTayler/NovaOpsRemote
 * branch            main       -> FETCH_HEAD
warning: fetch updated the current branch head.
fast-forwarding your working tree from
commit f20c07ce2e85003cdd20acfd138be633f9facdc8.
error: Your local changes to the following files would be overwritten by merge:
	genesiscore/autopush.log
	genesiscore/relay_exec.log
	genesiscore/telemetry.log
	novapush.log
Please commit your changes or stash them before you merge.
error: The following untracked working tree files would be overwritten by merge:
	genesiscore/.relay_executor.py.swp
Please move or remove them before you merge.
Aborting
fatal: Cannot fast-forward your working tree.
After making sure that you saved anything precious from
$ git diff f20c07ce2e85003cdd20acfd138be633f9facdc8
output, run
$ git reset --hard
to recover.
==== Wed May 28 19:41:01 UTC 2025 ====
From github.com:NovaTayler/NovaOpsRemote
 * branch            main       -> FETCH_HEAD
warning: fetch updated the current branch head.
fast-forwarding your working tree from
commit 7bbac41f3c65d98c2838919706aacae628a6ec6a.
error: Your local changes to the following files would be overwritten by merge:
	genesiscore/autopush.log
	genesiscore/relay_exec.log
	genesiscore/telemetry.log
	novapush.log
Please commit your changes or stash them before you merge.
Aborting
fatal: Cannot fast-forward your working tree.
After making sure that you saved anything precious from
$ git diff 7bbac41f3c65d98c2838919706aacae628a6ec6a
output, run
$ git reset --hard
to recover.
==== Wed May 28 19:42:01 UTC 2025 ====
From github.com:NovaTayler/NovaOpsRemote
 * branch            main       -> FETCH_HEAD
warning: fetch updated the current branch head.
fast-forwarding your working tree from
commit 7c768cb47ee0958fda0a49df689b83f1628c2c60.
error: Your local changes to the following files would be overwritten by merge:
	genesiscore/.relay_executor.py.swp
	genesiscore/autopush.log
	genesiscore/relay_exec.log
	genesiscore/telemetry.log
	novapush.log
Please commit your changes or stash them before you merge.
Aborting
fatal: Cannot fast-forward your working tree.
After making sure that you saved anything precious from
$ git diff 7c768cb47ee0958fda0a49df689b83f1628c2c60
output, run
$ git reset --hard
to recover.
==== Wed May 28 19:43:01 UTC 2025 ====
From github.com:NovaTayler/NovaOpsRemote
 * branch            main       -> FETCH_HEAD
warning: fetch updated the current branch head.
fast-forwarding your working tree from
commit 6dbf19092bc64c26144c122e074c6993751fc357.
error: Your local changes to the following files would be overwritten by merge:
	genesiscore/autopush.log
	genesiscore/relay_exec.log
	genesiscore/relay_executor.py
	genesiscore/telemetry.log
	novapush.log
Please commit your changes or stash them before you merge.
Aborting
fatal: Cannot fast-forward your working tree.
After making sure that you saved anything precious from
$ git diff 6dbf19092bc64c26144c122e074c6993751fc357
output, run
$ git reset --hard
to recover.
==== Wed May 28 19:44:01 UTC 2025 ====
From github.com:NovaTayler/NovaOpsRemote
 * branch            main       -> FETCH_HEAD
warning: fetch updated the current branch head.
fast-forwarding your working tree from
commit a367e122783e14b04e65c02ce224a43f72503d5b.
error: Your local changes to the following files would be overwritten by merge:
	genesiscore/autopush.log
	genesiscore/relay_exec.log
	genesiscore/telemetry.log
	novapush.log
Please commit your changes or stash them before you merge.
Aborting
fatal: Cannot fast-forward your working tree.
After making sure that you saved anything precious from
$ git diff a367e122783e14b04e65c02ce224a43f72503d5b
output, run
$ git reset --hard
to recover.
==== Wed May 28 19:45:01 UTC 2025 ====
From github.com:NovaTayler/NovaOpsRemote
 * branch            main       -> FETCH_HEAD
warning: fetch updated the current branch head.
fast-forwarding your working tree from
commit 811a71f57c98f133c86533d317887cf5f4abc075.
error: Your local changes to the following files would be overwritten by merge:
	genesiscore/autopush.log
	genesiscore/relay_exec.log
	genesiscore/telemetry.log
	novapush.log
Please commit your changes or stash them before you merge.
Aborting
fatal: Cannot fast-forward your working tree.
After making sure that you saved anything precious from
$ git diff 811a71f57c98f133c86533d317887cf5f4abc075
output, run
$ git reset --hard
to recover.
==== Wed May 28 19:46:01 UTC 2025 ====
From github.com:NovaTayler/NovaOpsRemote
 * branch            main       -> FETCH_HEAD
warning: fetch updated the current branch head.
fast-forwarding your working tree from
commit 82324780bd07cb86496d8b5f96e4e4a8a4c8982b.
error: Your local changes to the following files would be overwritten by merge:
	genesiscore/autopush.log
	genesiscore/relay_exec.log
	genesiscore/telemetry.log
	novapush.log
Please commit your changes or stash them before you merge.
Aborting
fatal: Cannot fast-forward your working tree.
After making sure that you saved anything precious from
$ git diff 82324780bd07cb86496d8b5f96e4e4a8a4c8982b
output, run
$ git reset --hard
to recover.
==== Wed May 28 19:47:01 UTC 2025 ====
From github.com:NovaTayler/NovaOpsRemote
 * branch            main       -> FETCH_HEAD
warning: fetch updated the current branch head.
fast-forwarding your working tree from
commit 6871dac51abd1e62eab522ee6dffd8b773c80fec.
error: Your local changes to the following files would be overwritten by merge:
	genesiscore/autopush.log
	genesiscore/relay_exec.log
	genesiscore/telemetry.log
	novapush.log
Please commit your changes or stash them before you merge.
error: The following untracked working tree files would be overwritten by merge:
	genesiscore/.relay_executor.py.swp
Please move or remove them before you merge.
Aborting
fatal: Cannot fast-forward your working tree.
After making sure that you saved anything precious from
$ git diff 6871dac51abd1e62eab522ee6dffd8b773c80fec
output, run
$ git reset --hard
to recover.
==== Wed May 28 19:48:01 UTC 2025 ====
From github.com:NovaTayler/NovaOpsRemote
 * branch            main       -> FETCH_HEAD
warning: fetch updated the current branch head.
fast-forwarding your working tree from
commit d8dd05d1590ea042282f259f1b5d1b69346b53bf.
error: Your local changes to the following files would be overwritten by merge:
	command/latest.txt
	genesiscore/autopush.log
	genesiscore/relay_exec.log
	genesiscore/relay_executor.py
	genesiscore/telemetry.log
	novapush.log
Please commit your changes or stash them before you merge.
Aborting
fatal: Cannot fast-forward your working tree.
After making sure that you saved anything precious from
$ git diff d8dd05d1590ea042282f259f1b5d1b69346b53bf
output, run
$ git reset --hard
to recover.
==== Wed May 28 19:49:01 UTC 2025 ====
From github.com:NovaTayler/NovaOpsRemote
 * branch            main       -> FETCH_HEAD
warning: fetch updated the current branch head.
fast-forwarding your working tree from
commit c288e074190f2507f7d80aea1d59ecef86b96985.
error: Your local changes to the following files would be overwritten by merge:
	genesiscore/autopush.log
	genesiscore/telemetry.log
	novapush.log
Please commit your changes or stash them before you merge.
Aborting
fatal: Cannot fast-forward your working tree.
After making sure that you saved anything precious from
$ git diff c288e074190f2507f7d80aea1d59ecef86b96985
output, run
$ git reset --hard
to recover.
==== Wed May 28 19:50:01 UTC 2025 ====
From github.com:NovaTayler/NovaOpsRemote
 * branch            main       -> FETCH_HEAD
warning: fetch updated the current branch head.
fast-forwarding your working tree from
commit 43cdbf1cfabc040c8d797f45039349a9dc3de3aa.
error: Your local changes to the following files would be overwritten by merge:
	genesiscore/autopush.log
	genesiscore/relay.out
	genesiscore/relay_exec.log
	genesiscore/telemetry.log
	novapush.log
Please commit your changes or stash them before you merge.
Aborting
fatal: Cannot fast-forward your working tree.
After making sure that you saved anything precious from
$ git diff 43cdbf1cfabc040c8d797f45039349a9dc3de3aa
output, run
$ git reset --hard
to recover.
==== Wed May 28 19:51:01 UTC 2025 ====
From github.com:NovaTayler/NovaOpsRemote
 * branch            main       -> FETCH_HEAD
warning: fetch updated the current branch head.
fast-forwarding your working tree from
commit 35470d7bb5090ed60a7d4f4450797bd7ae815514.
error: Your local changes to the following files would be overwritten by merge:
	genesiscore/autopush.log
	genesiscore/telemetry.log
	novapush.log
Please commit your changes or stash them before you merge.
Aborting
fatal: Cannot fast-forward your working tree.
After making sure that you saved anything precious from
$ git diff 35470d7bb5090ed60a7d4f4450797bd7ae815514
output, run
$ git reset --hard
to recover.
==== Wed May 28 19:52:01 UTC 2025 ====
From github.com:NovaTayler/NovaOpsRemote
 * branch            main       -> FETCH_HEAD
warning: fetch updated the current branch head.
fast-forwarding your working tree from
commit 1728c23654ce0c53c52c5c41ba23c4d51cd3b325.
error: Your local changes to the following files would be overwritten by merge:
	genesiscore/autopush.log
	genesiscore/telemetry.log
	novapush.log
Please commit your changes or stash them before you merge.
Aborting
fatal: Cannot fast-forward your working tree.
After making sure that you saved anything precious from
$ git diff 1728c23654ce0c53c52c5c41ba23c4d51cd3b325
output, run
$ git reset --hard
to recover.
==== Wed May 28 19:53:01 UTC 2025 ====
From github.com:NovaTayler/NovaOpsRemote
 * branch            main       -> FETCH_HEAD
warning: fetch updated the current branch head.
fast-forwarding your working tree from
commit 5a7f1cf76bf985d7e804b06c5c80540a817a63dd.
error: Your local changes to the following files would be overwritten by merge:
	genesiscore/autopush.log
	genesiscore/telemetry.log
	novapush.log
Please commit your changes or stash them before you merge.
Aborting
fatal: Cannot fast-forward your working tree.
After making sure that you saved anything precious from
$ git diff 5a7f1cf76bf985d7e804b06c5c80540a817a63dd
output, run
$ git reset --hard
to recover.
==== Wed May 28 19:54:01 UTC 2025 ====
From github.com:NovaTayler/NovaOpsRemote
 * branch            main       -> FETCH_HEAD
warning: fetch updated the current branch head.
fast-forwarding your working tree from
commit eb9399c0280911ee4be0149948c1abbd1ac0f708.
error: Your local changes to the following files would be overwritten by merge:
	genesiscore/autopush.log
	genesiscore/telemetry.log
	novapush.log
Please commit your changes or stash them before you merge.
Aborting
fatal: Cannot fast-forward your working tree.
After making sure that you saved anything precious from
$ git diff eb9399c0280911ee4be0149948c1abbd1ac0f708
output, run
$ git reset --hard
to recover.
==== Wed May 28 19:55:01 UTC 2025 ====
From github.com:NovaTayler/NovaOpsRemote
 * branch            main       -> FETCH_HEAD
warning: fetch updated the current branch head.
fast-forwarding your working tree from
commit 5d345dd245def96aae77b4d3fd1b3c3e4314e080.
error: Your local changes to the following files would be overwritten by merge:
	genesiscore/autopush.log
	genesiscore/telemetry.log
	novapush.log
Please commit your changes or stash them before you merge.
Aborting
fatal: Cannot fast-forward your working tree.
After making sure that you saved anything precious from
$ git diff 5d345dd245def96aae77b4d3fd1b3c3e4314e080
output, run
$ git reset --hard
to recover.
==== Wed May 28 19:56:01 UTC 2025 ====
From github.com:NovaTayler/NovaOpsRemote
 * branch            main       -> FETCH_HEAD
warning: fetch updated the current branch head.
fast-forwarding your working tree from
commit e8fa16c99554a225958c5a3eb0914bbf362d3880.
error: Your local changes to the following files would be overwritten by merge:
	genesiscore/autopush.log
	genesiscore/telemetry.log
	novapush.log
Please commit your changes or stash them before you merge.
Aborting
fatal: Cannot fast-forward your working tree.
After making sure that you saved anything precious from
$ git diff e8fa16c99554a225958c5a3eb0914bbf362d3880
output, run
$ git reset --hard
to recover.
==== Wed May 28 19:57:01 UTC 2025 ====
From github.com:NovaTayler/NovaOpsRemote
 * branch            main       -> FETCH_HEAD
warning: fetch updated the current branch head.
fast-forwarding your working tree from
commit 1d8d5b952477767958f8a41cf350ec98c6ebb4e8.
error: Your local changes to the following files would be overwritten by merge:
	genesiscore/autopush.log
	genesiscore/telemetry.log
	novapush.log
Please commit your changes or stash them before you merge.
Aborting
fatal: Cannot fast-forward your working tree.
After making sure that you saved anything precious from
$ git diff 1d8d5b952477767958f8a41cf350ec98c6ebb4e8
output, run
$ git reset --hard
to recover.
==== Wed May 28 19:58:01 UTC 2025 ====
From github.com:NovaTayler/NovaOpsRemote
 * branch            main       -> FETCH_HEAD
warning: fetch updated the current branch head.
fast-forwarding your working tree from
commit 2821d5d00276333a587add4fb1a1e0ce8507592f.
error: Your local changes to the following files would be overwritten by merge:
	genesiscore/autopush.log
	genesiscore/telemetry.log
	novapush.log
Please commit your changes or stash them before you merge.
Aborting
fatal: Cannot fast-forward your working tree.
After making sure that you saved anything precious from
$ git diff 2821d5d00276333a587add4fb1a1e0ce8507592f
output, run
$ git reset --hard
to recover.
==== Wed May 28 19:59:01 UTC 2025 ====
From github.com:NovaTayler/NovaOpsRemote
 * branch            main       -> FETCH_HEAD
warning: fetch updated the current branch head.
fast-forwarding your working tree from
commit 58d16a24599ef5a4cd6918c294edd4ea382ec19d.
error: Your local changes to the following files would be overwritten by merge:
	genesiscore/autopush.log
	genesiscore/telemetry.log
	novapush.log
Please commit your changes or stash them before you merge.
Aborting
fatal: Cannot fast-forward your working tree.
After making sure that you saved anything precious from
$ git diff 58d16a24599ef5a4cd6918c294edd4ea382ec19d
output, run
$ git reset --hard
to recover.
==== Wed May 28 20:00:01 UTC 2025 ====
