==== Wed May 28 18:55:48 UTC 2025 ====
From github.com:NovaTayler/NovaOpsRemote
 * branch            main       -> FETCH_HEAD
Already up to date.
==== Wed May 28 18:56:01 UTC 2025 ====
From github.com:NovaTayler/NovaOpsRemote
 * branch            main       -> FETCH_HEAD
Already up to date.
==== Wed May 28 18:57:01 UTC 2025 ====
From github.com:NovaTayler/NovaOpsRemote
 * branch            main       -> FETCH_HEAD
Already up to date.
==== Wed May 28 18:58:01 UTC 2025 ====
From github.com:NovaTayler/NovaOpsRemote
 * branch            main       -> FETCH_HEAD
Already up to date.
==== Wed May 28 18:59:01 UTC 2025 ====
From github.com:NovaTayler/NovaOpsRemote
 * branch            main       -> FETCH_HEAD
Already up to date.
==== Wed May 28 18:59:21 UTC 2025 ====
From github.com:NovaTayler/NovaOpsRemote
 * branch            main       -> FETCH_HEAD
Already up to date.
==== Wed May 28 19:00:01 UTC 2025 ====
From github.com:NovaTayler/NovaOpsRemote
 * branch            main       -> FETCH_HEAD
Already up to date.
==== Wed May 28 19:01:01 UTC 2025 ====
From github.com:NovaTayler/NovaOpsRemote
 * branch            main       -> FETCH_HEAD
Already up to date.
==== Wed May 28 19:01:11 UTC 2025 ====
From github.com:NovaTayler/NovaOpsRemote
 * branch            main       -> FETCH_HEAD
Already up to date.
==== Wed May 28 19:02:01 UTC 2025 ====
From github.com:NovaTayler/NovaOpsRemote
 * branch            main       -> FETCH_HEAD
Already up to date.
==== Wed May 28 19:03:01 UTC 2025 ====
From github.com:NovaTayler/NovaOpsRemote
 * branch            main       -> FETCH_HEAD
Already up to date.
==== Wed May 28 19:04:01 UTC 2025 ====
From github.com:NovaTayler/NovaOpsRemote
 * branch            main       -> FETCH_HEAD
Already up to date.
==== Wed May 28 19:05:01 UTC 2025 ====
From github.com:NovaTayler/NovaOpsRemote
 * branch            main       -> FETCH_HEAD
Already up to date.
==== Wed May 28 19:06:01 UTC 2025 ====
From github.com:NovaTayler/NovaOpsRemote
 * branch            main       -> FETCH_HEAD
Already up to date.
==== Wed May 28 19:07:01 UTC 2025 ====
From github.com:NovaTayler/NovaOpsRemote
 * branch            main       -> FETCH_HEAD
Already up to date.
==== Wed May 28 19:08:01 UTC 2025 ====
From github.com:NovaTayler/NovaOpsRemote
 * branch            main       -> FETCH_HEAD
Already up to date.
==== Wed May 28 19:09:01 UTC 2025 ====
From github.com:NovaTayler/NovaOpsRemote
 * branch            main       -> FETCH_HEAD
Already up to date.
==== Wed May 28 19:10:01 UTC 2025 ====
From github.com:NovaTayler/NovaOpsRemote
 * branch            main       -> FETCH_HEAD
Already up to date.
==== Wed May 28 19:11:01 UTC 2025 ====
From github.com:NovaTayler/NovaOpsRemote
 * branch            main       -> FETCH_HEAD
Already up to date.
==== Wed May 28 19:12:01 UTC 2025 ====
From github.com:NovaTayler/NovaOpsRemote
 * branch            main       -> FETCH_HEAD
Already up to date.
==== Wed May 28 19:13:01 UTC 2025 ====
From github.com:NovaTayler/NovaOpsRemote
 * branch            main       -> FETCH_HEAD
Already up to date.
==== Wed May 28 19:14:01 UTC 2025 ====
From github.com:NovaTayler/NovaOpsRemote
 * branch            main       -> FETCH_HEAD
Already up to date.
==== Wed May 28 19:15:01 UTC 2025 ====
From github.com:NovaTayler/NovaOpsRemote
 * branch            main       -> FETCH_HEAD
Already up to date.
==== Wed May 28 19:16:01 UTC 2025 ====
From github.com:NovaTayler/NovaOpsRemote
 * branch            main       -> FETCH_HEAD
Already up to date.
==== Wed May 28 19:17:01 UTC 2025 ====
From github.com:NovaTayler/NovaOpsRemote
 * branch            main       -> FETCH_HEAD
Already up to date.
==== Wed May 28 19:18:01 UTC 2025 ====
From github.com:NovaTayler/NovaOpsRemote
 * branch            main       -> FETCH_HEAD
Already up to date.
==== Wed May 28 19:19:01 UTC 2025 ====
From github.com:NovaTayler/NovaOpsRemote
 * branch            main       -> FETCH_HEAD
Already up to date.
==== Wed May 28 19:20:01 UTC 2025 ====
From github.com:NovaTayler/NovaOpsRemote
 * branch            main       -> FETCH_HEAD
Already up to date.
==== Wed May 28 19:21:01 UTC 2025 ====
From github.com:NovaTayler/NovaOpsRemote
 * branch            main       -> FETCH_HEAD
Already up to date.
==== Wed May 28 19:22:01 UTC 2025 ====
From github.com:NovaTayler/NovaOpsRemote
 * branch            main       -> FETCH_HEAD
Already up to date.
==== Wed May 28 19:23:01 UTC 2025 ====
From github.com:NovaTayler/NovaOpsRemote
 * branch            main       -> FETCH_HEAD
warning: fetch updated the current branch head.
fast-forwarding your working tree from
commit 42af54e702aeafdc9bbabd5c5cc4a71cddd3fade.
error: Your local changes to the following files would be overwritten by merge:
	genesiscore/telemetry.log
	novapush.log
Please commit your changes or stash them before you merge.
Aborting
fatal: Cannot fast-forward your working tree.
After making sure that you saved anything precious from
$ git diff 42af54e702aeafdc9bbabd5c5cc4a71cddd3fade
output, run
$ git reset --hard
to recover.
==== Wed May 28 19:24:01 UTC 2025 ====
From github.com:NovaTayler/NovaOpsRemote
 * branch            main       -> FETCH_HEAD
warning: fetch updated the current branch head.
fast-forwarding your working tree from
commit b1f674f9c59d0e15c224b183a98193c681cc47b6.
error: Your local changes to the following files would be overwritten by merge:
	genesiscore/telemetry.log
	novapush.log
Please commit your changes or stash them before you merge.
Aborting
fatal: Cannot fast-forward your working tree.
After making sure that you saved anything precious from
$ git diff b1f674f9c59d0e15c224b183a98193c681cc47b6
output, run
$ git reset --hard
to recover.
==== Wed May 28 19:25:01 UTC 2025 ====
From github.com:NovaTayler/NovaOpsRemote
 * branch            main       -> FETCH_HEAD
warning: fetch updated the current branch head.
fast-forwarding your working tree from
commit a39ce94b11a95c4d7fa4946ba5791688d5d9950b.
error: Your local changes to the following files would be overwritten by merge:
	novapush.log
Please commit your changes or stash them before you merge.
error: The following untracked working tree files would be overwritten by merge:
	genesiscore/autopush.log
Please move or remove them before you merge.
Aborting
fatal: Cannot fast-forward your working tree.
After making sure that you saved anything precious from
$ git diff a39ce94b11a95c4d7fa4946ba5791688d5d9950b
output, run
$ git reset --hard
to recover.
==== Wed May 28 19:26:01 UTC 2025 ====
From github.com:NovaTayler/NovaOpsRemote
 * branch            main       -> FETCH_HEAD
warning: fetch updated the current branch head.
fast-forwarding your working tree from
commit 449997ca9d74d1a92ff109c8c33e71876f91fa1f.
error: Your local changes to the following files would be overwritten by merge:
	genesiscore/autopush.log
	genesiscore/telemetry.log
	novapush.log
Please commit your changes or stash them before you merge.
error: The following untracked working tree files would be overwritten by merge:
	genesiscore/relay.out
Please move or remove them before you merge.
Aborting
fatal: Cannot fast-forward your working tree.
After making sure that you saved anything precious from
$ git diff 449997ca9d74d1a92ff109c8c33e71876f91fa1f
output, run
$ git reset --hard
to recover.
==== Wed May 28 19:27:01 UTC 2025 ====
From github.com:NovaTayler/NovaOpsRemote
 * branch            main       -> FETCH_HEAD
warning: fetch updated the current branch head.
fast-forwarding your working tree from
commit eb5ffbdb37617af5c508e08620fb5288e3b15b2f.
error: Your local changes to the following files would be overwritten by merge:
	genesiscore/autopush.log
	genesiscore/relay.out
	genesiscore/telemetry.log
	novapush.log
Please commit your changes or stash them before you merge.
error: The following untracked working tree files would be overwritten by merge:
	genesiscore/nova_shell_relay.py
Please move or remove them before you merge.
Aborting
fatal: Cannot fast-forward your working tree.
After making sure that you saved anything precious from
$ git diff eb5ffbdb37617af5c508e08620fb5288e3b15b2f
output, run
$ git reset --hard
to recover.
==== Wed May 28 19:28:01 UTC 2025 ====
From github.com:NovaTayler/NovaOpsRemote
 * branch            main       -> FETCH_HEAD
warning: fetch updated the current branch head.
fast-forwarding your working tree from
commit 6e830760d5aed45eb4ab3ce2aa2532913871ea08.
error: Your local changes to the following files would be overwritten by merge:
	genesiscore/autopush.log
	genesiscore/telemetry.log
	novapush.log
Please commit your changes or stash them before you merge.
Aborting
fatal: Cannot fast-forward your working tree.
After making sure that you saved anything precious from
$ git diff 6e830760d5aed45eb4ab3ce2aa2532913871ea08
output, run
$ git reset --hard
to recover.
==== Wed May 28 19:29:01 UTC 2025 ====
From github.com:NovaTayler/NovaOpsRemote
 * branch            main       -> FETCH_HEAD
warning: fetch updated the current branch head.
fast-forwarding your working tree from
commit ed05fe9cdd0d6936547653e3ad8b0e37aa0c55a2.
error: Your local changes to the following files would be overwritten by merge:
	genesiscore/autopush.log
	genesiscore/telemetry.log
	novapush.log
Please commit your changes or stash them before you merge.
Aborting
fatal: Cannot fast-forward your working tree.
After making sure that you saved anything precious from
$ git diff ed05fe9cdd0d6936547653e3ad8b0e37aa0c55a2
output, run
$ git reset --hard
to recover.
==== Wed May 28 19:30:01 UTC 2025 ====
From github.com:NovaTayler/NovaOpsRemote
 * branch            main       -> FETCH_HEAD
warning: fetch updated the current branch head.
fast-forwarding your working tree from
commit c4014c2358f3f65973a6e83c141d2d6fb8fbb995.
error: Your local changes to the following files would be overwritten by merge:
	genesiscore/autopush.log
	genesiscore/telemetry.log
	novapush.log
Please commit your changes or stash them before you merge.
error: The following untracked working tree files would be overwritten by merge:
	genesiscore/exec.out
	genesiscore/relay_exec.log
	genesiscore/relay_executor.py
Please move or remove them before you merge.
Aborting
fatal: Cannot fast-forward your working tree.
After making sure that you saved anything precious from
$ git diff c4014c2358f3f65973a6e83c141d2d6fb8fbb995
output, run
$ git reset --hard
to recover.
==== Wed May 28 19:31:01 UTC 2025 ====
From github.com:NovaTayler/NovaOpsRemote
 * branch            main       -> FETCH_HEAD
warning: fetch updated the current branch head.
fast-forwarding your working tree from
commit a96283749e5f860a7c86effddf22892c0bd70224.
error: Your local changes to the following files would be overwritten by merge:
	genesiscore/autopush.log
	genesiscore/relay_exec.log
	genesiscore/telemetry.log
	novapush.log
Please commit your changes or stash them before you merge.
Aborting
fatal: Cannot fast-forward your working tree.
After making sure that you saved anything precious from
$ git diff a96283749e5f860a7c86effddf22892c0bd70224
output, run
$ git reset --hard
to recover.
==== Wed May 28 19:32:01 UTC 2025 ====
From github.com:NovaTayler/NovaOpsRemote
 * branch            main       -> FETCH_HEAD
warning: fetch updated the current branch head.
fast-forwarding your working tree from
commit f77365096c124e8ab7afc295f2a7205086755ccc.
error: Your local changes to the following files would be overwritten by merge:
	genesiscore/autopush.log
	genesiscore/relay_exec.log
	genesiscore/telemetry.log
	novapush.log
Please commit your changes or stash them before you merge.
Aborting
fatal: Cannot fast-forward your working tree.
After making sure that you saved anything precious from
$ git diff f77365096c124e8ab7afc295f2a7205086755ccc
output, run
$ git reset --hard
to recover.
==== Wed May 28 19:33:01 UTC 2025 ====
From github.com:NovaTayler/NovaOpsRemote
 * branch            main       -> FETCH_HEAD
warning: fetch updated the current branch head.
fast-forwarding your working tree from
commit 07b868f013c795fd8d5f9bf38c8244bd816df8fb.
error: Your local changes to the following files would be overwritten by merge:
	genesiscore/autopush.log
	genesiscore/relay.out
	genesiscore/relay_exec.log
	genesiscore/telemetry.log
	novapush.log
Please commit your changes or stash them before you merge.
error: The following untracked working tree files would be overwritten by merge:
	command/latest.txt
Please move or remove them before you merge.
Aborting
fatal: Cannot fast-forward your working tree.
After making sure that you saved anything precious from
$ git diff 07b868f013c795fd8d5f9bf38c8244bd816df8fb
output, run
$ git reset --hard
to recover.
==== Wed May 28 19:34:01 UTC 2025 ====
From github.com:NovaTayler/NovaOpsRemote
 * branch            main       -> FETCH_HEAD
warning: fetch updated the current branch head.
fast-forwarding your working tree from
commit 2b2e473833f9ce0f92a0dbe2c02ab965c3c71b1e.
error: Your local changes to the following files would be overwritten by merge:
	genesiscore/autopush.log
	genesiscore/relay_exec.log
	genesiscore/telemetry.log
	novapush.log
Please commit your changes or stash them before you merge.
Aborting
fatal: Cannot fast-forward your working tree.
After making sure that you saved anything precious from
$ git diff 2b2e473833f9ce0f92a0dbe2c02ab965c3c71b1e
output, run
$ git reset --hard
to recover.
==== Wed May 28 19:35:01 UTC 2025 ====
From github.com:NovaTayler/NovaOpsRemote
 * branch            main       -> FETCH_HEAD
warning: fetch updated the current branch head.
fast-forwarding your working tree from
commit 93a56d5f01913fd9bb39b29c6480967f5cfed9ec.
error: Your local changes to the following files would be overwritten by merge:
	genesiscore/autopush.log
	genesiscore/relay_exec.log
	genesiscore/telemetry.log
	novapush.log
Please commit your changes or stash them before you merge.
Aborting
fatal: Cannot fast-forward your working tree.
After making sure that you saved anything precious from
$ git diff 93a56d5f01913fd9bb39b29c6480967f5cfed9ec
output, run
$ git reset --hard
to recover.
==== Wed May 28 19:36:01 UTC 2025 ====
From github.com:NovaTayler/NovaOpsRemote
 * branch            main       -> FETCH_HEAD
warning: fetch updated the current branch head.
fast-forwarding your working tree from
commit 3f9484bd044b52d676abb17c431c67ac59ce6733.
error: Your local changes to the following files would be overwritten by merge:
	genesiscore/autopush.log
	genesiscore/relay_exec.log
	genesiscore/telemetry.log
	novapush.log
Please commit your changes or stash them before you merge.
Aborting
fatal: Cannot fast-forward your working tree.
After making sure that you saved anything precious from
$ git diff 3f9484bd044b52d676abb17c431c67ac59ce6733
output, run
$ git reset --hard
to recover.
==== Wed May 28 19:37:01 UTC 2025 ====
From github.com:NovaTayler/NovaOpsRemote
 * branch            main       -> FETCH_HEAD
warning: fetch updated the current branch head.
fast-forwarding your working tree from
commit 5d7ae24231e9ad492b17953f3e4281050a993ab8.
error: Your local changes to the following files would be overwritten by merge:
	genesiscore/autopush.log
	genesiscore/relay_exec.log
	genesiscore/telemetry.log
	novapush.log
Please commit your changes or stash them before you merge.
Aborting
fatal: Cannot fast-forward your working tree.
After making sure that you saved anything precious from
$ git diff 5d7ae24231e9ad492b17953f3e4281050a993ab8
output, run
$ git reset --hard
to recover.
==== Wed May 28 19:38:01 UTC 2025 ====
From github.com:NovaTayler/NovaOpsRemote
 * branch            main       -> FETCH_HEAD
warning: fetch updated the current branch head.
fast-forwarding your working tree from
commit f7610667d65da9dc9b7e6a369832883ec4b41da2.
error: Your local changes to the following files would be overwritten by merge:
	genesiscore/autopush.log
	genesiscore/relay_exec.log
	genesiscore/telemetry.log
	novapush.log
Please commit your changes or stash them before you merge.
Aborting
fatal: Cannot fast-forward your working tree.
After making sure that you saved anything precious from
$ git diff f7610667d65da9dc9b7e6a369832883ec4b41da2
output, run
$ git reset --hard
to recover.
==== Wed May 28 19:39:01 UTC 2025 ====
From github.com:NovaTayler/NovaOpsRemote
 * branch            main       -> FETCH_HEAD
warning: fetch updated the current branch head.
fast-forwarding your working tree from
commit eabe9324106971fbe2b0161a52b9e5e28d39f7a4.
error: Your local changes to the following files would be overwritten by merge:
	genesiscore/autopush.log
	genesiscore/relay_exec.log
	genesiscore/telemetry.log
	novapush.log
Please commit your changes or stash them before you merge.
Aborting
fatal: Cannot fast-forward your working tree.
After making sure that you saved anything precious from
$ git diff eabe9324106971fbe2b0161a52b9e5e28d39f7a4
output, run
$ git reset --hard
to recover.
==== Wed May 28 19:40:01 UTC 2025 ====
From github.com:NovaTayler/NovaOpsRemote
 * branch            main       -> FETCH_HEAD
warning: fetch updated the current branch head.
fast-forwarding your working tree from
commit f20c07ce2e85003cdd20acfd138be633f9facdc8.
error: Your local changes to the following files would be overwritten by merge:
	genesiscore/autopush.log
	genesiscore/relay_exec.log
	genesiscore/telemetry.log
	novapush.log
Please commit your changes or stash them before you merge.
error: The following untracked working tree files would be overwritten by merge:
	genesiscore/.relay_executor.py.swp
Please move or remove them before you merge.
Aborting
fatal: Cannot fast-forward your working tree.
After making sure that you saved anything precious from
$ git diff f20c07ce2e85003cdd20acfd138be633f9facdc8
output, run
$ git reset --hard
to recover.
==== Wed May 28 19:41:01 UTC 2025 ====
From github.com:NovaTayler/NovaOpsRemote
 * branch            main       -> FETCH_HEAD
warning: fetch updated the current branch head.
fast-forwarding your working tree from
commit 7bbac41f3c65d98c2838919706aacae628a6ec6a.
error: Your local changes to the following files would be overwritten by merge:
	genesiscore/autopush.log
	genesiscore/relay_exec.log
	genesiscore/telemetry.log
	novapush.log
Please commit your changes or stash them before you merge.
Aborting
fatal: Cannot fast-forward your working tree.
After making sure that you saved anything precious from
$ git diff 7bbac41f3c65d98c2838919706aacae628a6ec6a
output, run
$ git reset --hard
to recover.
==== Wed May 28 19:42:01 UTC 2025 ====
From github.com:NovaTayler/NovaOpsRemote
 * branch            main       -> FETCH_HEAD
warning: fetch updated the current branch head.
fast-forwarding your working tree from
commit 7c768cb47ee0958fda0a49df689b83f1628c2c60.
error: Your local changes to the following files would be overwritten by merge:
	genesiscore/.relay_executor.py.swp
	genesiscore/autopush.log
	genesiscore/relay_exec.log
	genesiscore/telemetry.log
	novapush.log
Please commit your changes or stash them before you merge.
Aborting
fatal: Cannot fast-forward your working tree.
After making sure that you saved anything precious from
$ git diff 7c768cb47ee0958fda0a49df689b83f1628c2c60
output, run
$ git reset --hard
to recover.
==== Wed May 28 19:43:01 UTC 2025 ====
From github.com:NovaTayler/NovaOpsRemote
 * branch            main       -> FETCH_HEAD
warning: fetch updated the current branch head.
fast-forwarding your working tree from
commit 6dbf19092bc64c26144c122e074c6993751fc357.
error: Your local changes to the following files would be overwritten by merge:
	genesiscore/autopush.log
	genesiscore/relay_exec.log
	genesiscore/relay_executor.py
	genesiscore/telemetry.log
	novapush.log
Please commit your changes or stash them before you merge.
Aborting
fatal: Cannot fast-forward your working tree.
After making sure that you saved anything precious from
$ git diff 6dbf19092bc64c26144c122e074c6993751fc357
output, run
$ git reset --hard
to recover.
==== Wed May 28 19:44:01 UTC 2025 ====
From github.com:NovaTayler/NovaOpsRemote
 * branch            main       -> FETCH_HEAD
warning: fetch updated the current branch head.
fast-forwarding your working tree from
commit a367e122783e14b04e65c02ce224a43f72503d5b.
error: Your local changes to the following files would be overwritten by merge:
	genesiscore/autopush.log
	genesiscore/relay_exec.log
	genesiscore/telemetry.log
	novapush.log
Please commit your changes or stash them before you merge.
Aborting
fatal: Cannot fast-forward your working tree.
After making sure that you saved anything precious from
$ git diff a367e122783e14b04e65c02ce224a43f72503d5b
output, run
$ git reset --hard
to recover.
==== Wed May 28 19:45:01 UTC 2025 ====
From github.com:NovaTayler/NovaOpsRemote
 * branch            main       -> FETCH_HEAD
warning: fetch updated the current branch head.
fast-forwarding your working tree from
commit 811a71f57c98f133c86533d317887cf5f4abc075.
error: Your local changes to the following files would be overwritten by merge:
	genesiscore/autopush.log
	genesiscore/relay_exec.log
	genesiscore/telemetry.log
	novapush.log
Please commit your changes or stash them before you merge.
Aborting
fatal: Cannot fast-forward your working tree.
After making sure that you saved anything precious from
$ git diff 811a71f57c98f133c86533d317887cf5f4abc075
output, run
$ git reset --hard
to recover.
==== Wed May 28 19:46:01 UTC 2025 ====
From github.com:NovaTayler/NovaOpsRemote
 * branch            main       -> FETCH_HEAD
warning: fetch updated the current branch head.
fast-forwarding your working tree from
commit 82324780bd07cb86496d8b5f96e4e4a8a4c8982b.
error: Your local changes to the following files would be overwritten by merge:
	genesiscore/autopush.log
	genesiscore/relay_exec.log
	genesiscore/telemetry.log
	novapush.log
Please commit your changes or stash them before you merge.
Aborting
fatal: Cannot fast-forward your working tree.
After making sure that you saved anything precious from
$ git diff 82324780bd07cb86496d8b5f96e4e4a8a4c8982b
output, run
$ git reset --hard
to recover.
==== Wed May 28 19:47:01 UTC 2025 ====
From github.com:NovaTayler/NovaOpsRemote
 * branch            main       -> FETCH_HEAD
warning: fetch updated the current branch head.
fast-forwarding your working tree from
commit 6871dac51abd1e62eab522ee6dffd8b773c80fec.
error: Your local changes to the following files would be overwritten by merge:
	genesiscore/autopush.log
	genesiscore/relay_exec.log
	genesiscore/telemetry.log
	novapush.log
Please commit your changes or stash them before you merge.
error: The following untracked working tree files would be overwritten by merge:
	genesiscore/.relay_executor.py.swp
Please move or remove them before you merge.
Aborting
fatal: Cannot fast-forward your working tree.
After making sure that you saved anything precious from
$ git diff 6871dac51abd1e62eab522ee6dffd8b773c80fec
output, run
$ git reset --hard
to recover.
==== Wed May 28 19:48:01 UTC 2025 ====
From github.com:NovaTayler/NovaOpsRemote
 * branch            main       -> FETCH_HEAD
warning: fetch updated the current branch head.
fast-forwarding your working tree from
commit d8dd05d1590ea042282f259f1b5d1b69346b53bf.
error: Your local changes to the following files would be overwritten by merge:
	command/latest.txt
	genesiscore/autopush.log
	genesiscore/relay_exec.log
	genesiscore/relay_executor.py
	genesiscore/telemetry.log
	novapush.log
Please commit your changes or stash them before you merge.
Aborting
fatal: Cannot fast-forward your working tree.
After making sure that you saved anything precious from
$ git diff d8dd05d1590ea042282f259f1b5d1b69346b53bf
output, run
$ git reset --hard
to recover.
==== Wed May 28 19:49:01 UTC 2025 ====
From github.com:NovaTayler/NovaOpsRemote
 * branch            main       -> FETCH_HEAD
warning: fetch updated the current branch head.
fast-forwarding your working tree from
commit c288e074190f2507f7d80aea1d59ecef86b96985.
error: Your local changes to the following files would be overwritten by merge:
	genesiscore/autopush.log
	genesiscore/telemetry.log
	novapush.log
Please commit your changes or stash them before you merge.
Aborting
fatal: Cannot fast-forward your working tree.
After making sure that you saved anything precious from
$ git diff c288e074190f2507f7d80aea1d59ecef86b96985
output, run
$ git reset --hard
to recover.
==== Wed May 28 19:50:01 UTC 2025 ====
From github.com:NovaTayler/NovaOpsRemote
 * branch            main       -> FETCH_HEAD
warning: fetch updated the current branch head.
fast-forwarding your working tree from
commit 43cdbf1cfabc040c8d797f45039349a9dc3de3aa.
error: Your local changes to the following files would be overwritten by merge:
	genesiscore/autopush.log
	genesiscore/relay.out
	genesiscore/relay_exec.log
	genesiscore/telemetry.log
	novapush.log
Please commit your changes or stash them before you merge.
Aborting
fatal: Cannot fast-forward your working tree.
After making sure that you saved anything precious from
$ git diff 43cdbf1cfabc040c8d797f45039349a9dc3de3aa
output, run
$ git reset --hard
to recover.
==== Wed May 28 19:51:01 UTC 2025 ====
From github.com:NovaTayler/NovaOpsRemote
 * branch            main       -> FETCH_HEAD
warning: fetch updated the current branch head.
fast-forwarding your working tree from
commit 35470d7bb5090ed60a7d4f4450797bd7ae815514.
error: Your local changes to the following files would be overwritten by merge:
	genesiscore/autopush.log
	genesiscore/telemetry.log
	novapush.log
Please commit your changes or stash them before you merge.
Aborting
fatal: Cannot fast-forward your working tree.
After making sure that you saved anything precious from
$ git diff 35470d7bb5090ed60a7d4f4450797bd7ae815514
output, run
$ git reset --hard
to recover.
==== Wed May 28 19:52:01 UTC 2025 ====
From github.com:NovaTayler/NovaOpsRemote
 * branch            main       -> FETCH_HEAD
warning: fetch updated the current branch head.
fast-forwarding your working tree from
commit 1728c23654ce0c53c52c5c41ba23c4d51cd3b325.
error: Your local changes to the following files would be overwritten by merge:
	genesiscore/autopush.log
	genesiscore/telemetry.log
	novapush.log
Please commit your changes or stash them before you merge.
Aborting
fatal: Cannot fast-forward your working tree.
After making sure that you saved anything precious from
$ git diff 1728c23654ce0c53c52c5c41ba23c4d51cd3b325
output, run
$ git reset --hard
to recover.
==== Wed May 28 19:53:01 UTC 2025 ====
From github.com:NovaTayler/NovaOpsRemote
 * branch            main       -> FETCH_HEAD
warning: fetch updated the current branch head.
fast-forwarding your working tree from
commit 5a7f1cf76bf985d7e804b06c5c80540a817a63dd.
error: Your local changes to the following files would be overwritten by merge:
	genesiscore/autopush.log
	genesiscore/telemetry.log
	novapush.log
Please commit your changes or stash them before you merge.
Aborting
fatal: Cannot fast-forward your working tree.
After making sure that you saved anything precious from
$ git diff 5a7f1cf76bf985d7e804b06c5c80540a817a63dd
output, run
$ git reset --hard
to recover.
==== Wed May 28 19:54:01 UTC 2025 ====
From github.com:NovaTayler/NovaOpsRemote
 * branch            main       -> FETCH_HEAD
warning: fetch updated the current branch head.
fast-forwarding your working tree from
commit eb9399c0280911ee4be0149948c1abbd1ac0f708.
error: Your local changes to the following files would be overwritten by merge:
	genesiscore/autopush.log
	genesiscore/telemetry.log
	novapush.log
Please commit your changes or stash them before you merge.
Aborting
fatal: Cannot fast-forward your working tree.
After making sure that you saved anything precious from
$ git diff eb9399c0280911ee4be0149948c1abbd1ac0f708
output, run
$ git reset --hard
to recover.
==== Wed May 28 19:55:01 UTC 2025 ====
From github.com:NovaTayler/NovaOpsRemote
 * branch            main       -> FETCH_HEAD
warning: fetch updated the current branch head.
fast-forwarding your working tree from
commit 5d345dd245def96aae77b4d3fd1b3c3e4314e080.
error: Your local changes to the following files would be overwritten by merge:
	genesiscore/autopush.log
	genesiscore/telemetry.log
	novapush.log
Please commit your changes or stash them before you merge.
Aborting
fatal: Cannot fast-forward your working tree.
After making sure that you saved anything precious from
$ git diff 5d345dd245def96aae77b4d3fd1b3c3e4314e080
output, run
$ git reset --hard
to recover.
==== Wed May 28 19:56:01 UTC 2025 ====
From github.com:NovaTayler/NovaOpsRemote
 * branch            main       -> FETCH_HEAD
warning: fetch updated the current branch head.
fast-forwarding your working tree from
commit e8fa16c99554a225958c5a3eb0914bbf362d3880.
error: Your local changes to the following files would be overwritten by merge:
	genesiscore/autopush.log
	genesiscore/telemetry.log
	novapush.log
Please commit your changes or stash them before you merge.
Aborting
fatal: Cannot fast-forward your working tree.
After making sure that you saved anything precious from
$ git diff e8fa16c99554a225958c5a3eb0914bbf362d3880
output, run
$ git reset --hard
to recover.
==== Wed May 28 19:57:01 UTC 2025 ====
From github.com:NovaTayler/NovaOpsRemote
 * branch            main       -> FETCH_HEAD
warning: fetch updated the current branch head.
fast-forwarding your working tree from
commit 1d8d5b952477767958f8a41cf350ec98c6ebb4e8.
error: Your local changes to the following files would be overwritten by merge:
	genesiscore/autopush.log
	genesiscore/telemetry.log
	novapush.log
Please commit your changes or stash them before you merge.
Aborting
fatal: Cannot fast-forward your working tree.
After making sure that you saved anything precious from
$ git diff 1d8d5b952477767958f8a41cf350ec98c6ebb4e8
output, run
$ git reset --hard
to recover.
==== Wed May 28 19:58:01 UTC 2025 ====
From github.com:NovaTayler/NovaOpsRemote
 * branch            main       -> FETCH_HEAD
warning: fetch updated the current branch head.
fast-forwarding your working tree from
commit 2821d5d00276333a587add4fb1a1e0ce8507592f.
error: Your local changes to the following files would be overwritten by merge:
	genesiscore/autopush.log
	genesiscore/telemetry.log
	novapush.log
Please commit your changes or stash them before you merge.
Aborting
fatal: Cannot fast-forward your working tree.
After making sure that you saved anything precious from
$ git diff 2821d5d00276333a587add4fb1a1e0ce8507592f
output, run
$ git reset --hard
to recover.
==== Wed May 28 19:59:01 UTC 2025 ====
From github.com:NovaTayler/NovaOpsRemote
 * branch            main       -> FETCH_HEAD
warning: fetch updated the current branch head.
fast-forwarding your working tree from
commit 58d16a24599ef5a4cd6918c294edd4ea382ec19d.
error: Your local changes to the following files would be overwritten by merge:
	genesiscore/autopush.log
	genesiscore/telemetry.log
	novapush.log
Please commit your changes or stash them before you merge.
Aborting
fatal: Cannot fast-forward your working tree.
After making sure that you saved anything precious from
$ git diff 58d16a24599ef5a4cd6918c294edd4ea382ec19d
output, run
$ git reset --hard
to recover.
==== Wed May 28 20:00:01 UTC 2025 ====
From github.com:NovaTayler/NovaOpsRemote
 * branch            main       -> FETCH_HEAD
warning: fetch updated the current branch head.
fast-forwarding your working tree from
commit e5cbc250c4dcfa67361dfb9b1234591a3a51100e.
error: Your local changes to the following files would be overwritten by merge:
	genesiscore/autopush.log
	genesiscore/telemetry.log
	novapush.log
Please commit your changes or stash them before you merge.
Aborting
fatal: Cannot fast-forward your working tree.
After making sure that you saved anything precious from
$ git diff e5cbc250c4dcfa67361dfb9b1234591a3a51100e
output, run
$ git reset --hard
to recover.
==== Wed May 28 20:01:01 UTC 2025 ====
From github.com:NovaTayler/NovaOpsRemote
 * branch            main       -> FETCH_HEAD
warning: fetch updated the current branch head.
fast-forwarding your working tree from
commit c6a1954be4b600bf7d559a68061c78c1e890bf0c.
error: Your local changes to the following files would be overwritten by merge:
	genesiscore/autopush.log
	genesiscore/telemetry.log
	novapush.log
Please commit your changes or stash them before you merge.
Aborting
fatal: Cannot fast-forward your working tree.
After making sure that you saved anything precious from
$ git diff c6a1954be4b600bf7d559a68061c78c1e890bf0c
output, run
$ git reset --hard
to recover.
==== Wed May 28 20:02:01 UTC 2025 ====
From github.com:NovaTayler/NovaOpsRemote
 * branch            main       -> FETCH_HEAD
warning: fetch updated the current branch head.
fast-forwarding your working tree from
commit 022b76da6fc0cbda7e3a06e5792040f98c9e6f2d.
error: Your local changes to the following files would be overwritten by merge:
	command/latest.txt
	genesiscore/autopush.log
	genesiscore/relay.out
	genesiscore/relay_exec.log
	genesiscore/telemetry.log
	novapush.log
Please commit your changes or stash them before you merge.
error: The following untracked working tree files would be overwritten by merge:
	github_test.txt
Please move or remove them before you merge.
Aborting
fatal: Cannot fast-forward your working tree.
After making sure that you saved anything precious from
$ git diff 022b76da6fc0cbda7e3a06e5792040f98c9e6f2d
output, run
$ git reset --hard
to recover.
==== Wed May 28 20:03:01 UTC 2025 ====
From github.com:NovaTayler/NovaOpsRemote
 * branch            main       -> FETCH_HEAD
warning: fetch updated the current branch head.
fast-forwarding your working tree from
commit dd080cf9172b023cf44dc7217404d41e7b218302.
error: Your local changes to the following files would be overwritten by merge:
	genesiscore/autopush.log
	genesiscore/telemetry.log
	novapush.log
Please commit your changes or stash them before you merge.
Aborting
fatal: Cannot fast-forward your working tree.
After making sure that you saved anything precious from
$ git diff dd080cf9172b023cf44dc7217404d41e7b218302
output, run
$ git reset --hard
to recover.
==== Wed May 28 20:04:01 UTC 2025 ====
From github.com:NovaTayler/NovaOpsRemote
 * branch            main       -> FETCH_HEAD
warning: fetch updated the current branch head.
fast-forwarding your working tree from
commit 96e3a09c6548e4af33f9ab57a97a0ed3a5897d7a.
error: Your local changes to the following files would be overwritten by merge:
	genesiscore/autopush.log
	genesiscore/telemetry.log
	novapush.log
Please commit your changes or stash them before you merge.
Aborting
fatal: Cannot fast-forward your working tree.
After making sure that you saved anything precious from
$ git diff 96e3a09c6548e4af33f9ab57a97a0ed3a5897d7a
output, run
$ git reset --hard
to recover.
==== Wed May 28 20:05:01 UTC 2025 ====
From github.com:NovaTayler/NovaOpsRemote
 * branch            main       -> FETCH_HEAD
warning: fetch updated the current branch head.
fast-forwarding your working tree from
commit 750d96ee7f26c6de698a84502b9c298334e9c4fc.
error: Your local changes to the following files would be overwritten by merge:
	genesiscore/autopush.log
	genesiscore/telemetry.log
	novapush.log
Please commit your changes or stash them before you merge.
Aborting
fatal: Cannot fast-forward your working tree.
After making sure that you saved anything precious from
$ git diff 750d96ee7f26c6de698a84502b9c298334e9c4fc
output, run
$ git reset --hard
to recover.
==== Wed May 28 20:06:01 UTC 2025 ====
From github.com:NovaTayler/NovaOpsRemote
 * branch            main       -> FETCH_HEAD
warning: fetch updated the current branch head.
fast-forwarding your working tree from
commit 24afc006b6b718e79ca486d9e56d74f497b99af6.
error: Your local changes to the following files would be overwritten by merge:
	genesiscore/autopush.log
	genesiscore/telemetry.log
	novapush.log
Please commit your changes or stash them before you merge.
Aborting
fatal: Cannot fast-forward your working tree.
After making sure that you saved anything precious from
$ git diff 24afc006b6b718e79ca486d9e56d74f497b99af6
output, run
$ git reset --hard
to recover.
==== Wed May 28 20:07:01 UTC 2025 ====
From github.com:NovaTayler/NovaOpsRemote
 * branch            main       -> FETCH_HEAD
warning: fetch updated the current branch head.
fast-forwarding your working tree from
commit 72e2d75d9bd19437d5b5a7f79f69acb3ddde7c87.
error: Your local changes to the following files would be overwritten by merge:
	genesiscore/autopush.log
	genesiscore/telemetry.log
	novapush.log
Please commit your changes or stash them before you merge.
Aborting
fatal: Cannot fast-forward your working tree.
After making sure that you saved anything precious from
$ git diff 72e2d75d9bd19437d5b5a7f79f69acb3ddde7c87
output, run
$ git reset --hard
to recover.
==== Wed May 28 20:08:01 UTC 2025 ====
From github.com:NovaTayler/NovaOpsRemote
 * branch            main       -> FETCH_HEAD
warning: fetch updated the current branch head.
fast-forwarding your working tree from
commit 5a2ddaaa33dd031a6377e8ea8e47ee8881f45eab.
error: Your local changes to the following files would be overwritten by merge:
	genesiscore/autopush.log
	genesiscore/telemetry.log
	novapush.log
Please commit your changes or stash them before you merge.
Aborting
fatal: Cannot fast-forward your working tree.
After making sure that you saved anything precious from
$ git diff 5a2ddaaa33dd031a6377e8ea8e47ee8881f45eab
output, run
$ git reset --hard
to recover.
==== Wed May 28 20:09:01 UTC 2025 ====
From github.com:NovaTayler/NovaOpsRemote
 * branch            main       -> FETCH_HEAD
warning: fetch updated the current branch head.
fast-forwarding your working tree from
commit b102f8e46555dce33617c4b228403e1b2a3465bf.
error: Your local changes to the following files would be overwritten by merge:
	genesiscore/autopush.log
	genesiscore/telemetry.log
	novapush.log
Please commit your changes or stash them before you merge.
Aborting
fatal: Cannot fast-forward your working tree.
After making sure that you saved anything precious from
$ git diff b102f8e46555dce33617c4b228403e1b2a3465bf
output, run
$ git reset --hard
to recover.
==== Wed May 28 20:10:01 UTC 2025 ====
From github.com:NovaTayler/NovaOpsRemote
 * branch            main       -> FETCH_HEAD
warning: fetch updated the current branch head.
fast-forwarding your working tree from
commit 63be511777d7f8fea5d329d5c92199c753d89dce.
error: Your local changes to the following files would be overwritten by merge:
	genesiscore/autopush.log
	genesiscore/telemetry.log
	novapush.log
Please commit your changes or stash them before you merge.
Aborting
fatal: Cannot fast-forward your working tree.
After making sure that you saved anything precious from
$ git diff 63be511777d7f8fea5d329d5c92199c753d89dce
output, run
$ git reset --hard
to recover.
==== Wed May 28 20:11:01 UTC 2025 ====
From github.com:NovaTayler/NovaOpsRemote
 * branch            main       -> FETCH_HEAD
warning: fetch updated the current branch head.
fast-forwarding your working tree from
commit 415e8c0000b6354dbbc8730ac0091c8b70d83159.
error: Your local changes to the following files would be overwritten by merge:
	genesiscore/autopush.log
	genesiscore/telemetry.log
	novapush.log
Please commit your changes or stash them before you merge.
Aborting
fatal: Cannot fast-forward your working tree.
After making sure that you saved anything precious from
$ git diff 415e8c0000b6354dbbc8730ac0091c8b70d83159
output, run
$ git reset --hard
to recover.
==== Wed May 28 20:12:01 UTC 2025 ====
From github.com:NovaTayler/NovaOpsRemote
 * branch            main       -> FETCH_HEAD
warning: fetch updated the current branch head.
fast-forwarding your working tree from
commit b77b38222d9291832eecbddbd1e218cc060da30e.
error: Your local changes to the following files would be overwritten by merge:
	genesiscore/autopush.log
	genesiscore/telemetry.log
	novapush.log
Please commit your changes or stash them before you merge.
Aborting
fatal: Cannot fast-forward your working tree.
After making sure that you saved anything precious from
$ git diff b77b38222d9291832eecbddbd1e218cc060da30e
output, run
$ git reset --hard
to recover.
==== Wed May 28 20:13:01 UTC 2025 ====
From github.com:NovaTayler/NovaOpsRemote
 * branch            main       -> FETCH_HEAD
warning: fetch updated the current branch head.
fast-forwarding your working tree from
commit 753d79b4ed9d44a5a95bd3c11a84249fbd4b0544.
error: Your local changes to the following files would be overwritten by merge:
	genesiscore/autopush.log
	genesiscore/telemetry.log
	novapush.log
Please commit your changes or stash them before you merge.
Aborting
fatal: Cannot fast-forward your working tree.
After making sure that you saved anything precious from
$ git diff 753d79b4ed9d44a5a95bd3c11a84249fbd4b0544
output, run
$ git reset --hard
to recover.
==== Wed May 28 20:14:01 UTC 2025 ====
From github.com:NovaTayler/NovaOpsRemote
 * branch            main       -> FETCH_HEAD
warning: fetch updated the current branch head.
fast-forwarding your working tree from
commit 01b6eb37fb0485465f9096a7e26994cdaacfd627.
error: Your local changes to the following files would be overwritten by merge:
	genesiscore/autopush.log
	genesiscore/telemetry.log
	novapush.log
Please commit your changes or stash them before you merge.
Aborting
fatal: Cannot fast-forward your working tree.
After making sure that you saved anything precious from
$ git diff 01b6eb37fb0485465f9096a7e26994cdaacfd627
output, run
$ git reset --hard
to recover.
==== Wed May 28 20:15:01 UTC 2025 ====
From github.com:NovaTayler/NovaOpsRemote
 * branch            main       -> FETCH_HEAD
warning: fetch updated the current branch head.
fast-forwarding your working tree from
commit ec3cd3ac49bcb9577b29728e01432783d3aed823.
error: Your local changes to the following files would be overwritten by merge:
	genesiscore/autopush.log
	genesiscore/telemetry.log
	novapush.log
Please commit your changes or stash them before you merge.
Aborting
fatal: Cannot fast-forward your working tree.
After making sure that you saved anything precious from
$ git diff ec3cd3ac49bcb9577b29728e01432783d3aed823
output, run
$ git reset --hard
to recover.
==== Wed May 28 20:16:01 UTC 2025 ====
From github.com:NovaTayler/NovaOpsRemote
 * branch            main       -> FETCH_HEAD
warning: fetch updated the current branch head.
fast-forwarding your working tree from
commit ff5006ee2a1f1d8f794b8ac05928adccf8841b3d.
error: Your local changes to the following files would be overwritten by merge:
	genesiscore/autopush.log
	genesiscore/telemetry.log
	novapush.log
Please commit your changes or stash them before you merge.
Aborting
fatal: Cannot fast-forward your working tree.
After making sure that you saved anything precious from
$ git diff ff5006ee2a1f1d8f794b8ac05928adccf8841b3d
output, run
$ git reset --hard
to recover.
==== Wed May 28 20:17:01 UTC 2025 ====
From github.com:NovaTayler/NovaOpsRemote
 * branch            main       -> FETCH_HEAD
warning: fetch updated the current branch head.
fast-forwarding your working tree from
commit 3139ad3fb6e320e6fd3e369f59e91d2a2fbf1839.
error: Your local changes to the following files would be overwritten by merge:
	genesiscore/autopush.log
	genesiscore/telemetry.log
	novapush.log
Please commit your changes or stash them before you merge.
Aborting
fatal: Cannot fast-forward your working tree.
After making sure that you saved anything precious from
$ git diff 3139ad3fb6e320e6fd3e369f59e91d2a2fbf1839
output, run
$ git reset --hard
to recover.
==== Wed May 28 20:18:01 UTC 2025 ====
From github.com:NovaTayler/NovaOpsRemote
 * branch            main       -> FETCH_HEAD
warning: fetch updated the current branch head.
fast-forwarding your working tree from
commit 73b6e4e107be9f6c7e89f4e1a20c22c3bfc0895c.
error: Your local changes to the following files would be overwritten by merge:
	genesiscore/autopush.log
	genesiscore/telemetry.log
	novapush.log
Please commit your changes or stash them before you merge.
Aborting
fatal: Cannot fast-forward your working tree.
After making sure that you saved anything precious from
$ git diff 73b6e4e107be9f6c7e89f4e1a20c22c3bfc0895c
output, run
$ git reset --hard
to recover.
==== Wed May 28 20:19:01 UTC 2025 ====
From github.com:NovaTayler/NovaOpsRemote
 * branch            main       -> FETCH_HEAD
warning: fetch updated the current branch head.
fast-forwarding your working tree from
commit 6a29fa0bc3421e39a48c7fc47820feb3e765660e.
error: Your local changes to the following files would be overwritten by merge:
	genesiscore/autopush.log
	genesiscore/telemetry.log
	novapush.log
Please commit your changes or stash them before you merge.
Aborting
fatal: Cannot fast-forward your working tree.
After making sure that you saved anything precious from
$ git diff 6a29fa0bc3421e39a48c7fc47820feb3e765660e
output, run
$ git reset --hard
to recover.
==== Wed May 28 20:20:02 UTC 2025 ====
From github.com:NovaTayler/NovaOpsRemote
 * branch            main       -> FETCH_HEAD
warning: fetch updated the current branch head.
fast-forwarding your working tree from
commit 6875c6246cc4b19a16569d70e864cdf5323e1ef5.
error: Your local changes to the following files would be overwritten by merge:
	genesiscore/autopush.log
	genesiscore/telemetry.log
	novapush.log
Please commit your changes or stash them before you merge.
Aborting
fatal: Cannot fast-forward your working tree.
After making sure that you saved anything precious from
$ git diff 6875c6246cc4b19a16569d70e864cdf5323e1ef5
output, run
$ git reset --hard
to recover.
==== Wed May 28 20:21:01 UTC 2025 ====
From github.com:NovaTayler/NovaOpsRemote
 * branch            main       -> FETCH_HEAD
warning: fetch updated the current branch head.
fast-forwarding your working tree from
commit 0d45201679ede42c7816612fdc7170b24806b617.
error: Your local changes to the following files would be overwritten by merge:
	genesiscore/autopush.log
	genesiscore/telemetry.log
	novapush.log
Please commit your changes or stash them before you merge.
Aborting
fatal: Cannot fast-forward your working tree.
After making sure that you saved anything precious from
$ git diff 0d45201679ede42c7816612fdc7170b24806b617
output, run
$ git reset --hard
to recover.
==== Wed May 28 20:22:01 UTC 2025 ====
From github.com:NovaTayler/NovaOpsRemote
 * branch            main       -> FETCH_HEAD
warning: fetch updated the current branch head.
fast-forwarding your working tree from
commit 94942611ec278bd4b0dda196c5dcd49292038f0c.
error: Your local changes to the following files would be overwritten by merge:
	genesiscore/autopush.log
	genesiscore/telemetry.log
	novapush.log
Please commit your changes or stash them before you merge.
Aborting
fatal: Cannot fast-forward your working tree.
After making sure that you saved anything precious from
$ git diff 94942611ec278bd4b0dda196c5dcd49292038f0c
output, run
$ git reset --hard
to recover.
==== Wed May 28 20:23:01 UTC 2025 ====
From github.com:NovaTayler/NovaOpsRemote
 * branch            main       -> FETCH_HEAD
warning: fetch updated the current branch head.
fast-forwarding your working tree from
commit 47892be567c7e34acbe6ac076a6c56e5bf931bc0.
error: Your local changes to the following files would be overwritten by merge:
	genesiscore/autopush.log
	genesiscore/telemetry.log
	novapush.log
Please commit your changes or stash them before you merge.
Aborting
fatal: Cannot fast-forward your working tree.
After making sure that you saved anything precious from
$ git diff 47892be567c7e34acbe6ac076a6c56e5bf931bc0
output, run
$ git reset --hard
to recover.
==== Wed May 28 20:24:01 UTC 2025 ====
From github.com:NovaTayler/NovaOpsRemote
 * branch            main       -> FETCH_HEAD
warning: fetch updated the current branch head.
fast-forwarding your working tree from
commit 9d3b4db374d879f8950bbc16eb37dc37f687292f.
error: Your local changes to the following files would be overwritten by merge:
	genesiscore/autopush.log
	genesiscore/telemetry.log
	novapush.log
Please commit your changes or stash them before you merge.
Aborting
fatal: Cannot fast-forward your working tree.
After making sure that you saved anything precious from
$ git diff 9d3b4db374d879f8950bbc16eb37dc37f687292f
output, run
$ git reset --hard
to recover.
==== Wed May 28 20:25:01 UTC 2025 ====
From github.com:NovaTayler/NovaOpsRemote
 * branch            main       -> FETCH_HEAD
warning: fetch updated the current branch head.
fast-forwarding your working tree from
commit 318f34a7c89f9801f73fcccafc5e867e10590751.
error: Your local changes to the following files would be overwritten by merge:
	genesiscore/autopush.log
	genesiscore/telemetry.log
	novapush.log
Please commit your changes or stash them before you merge.
Aborting
fatal: Cannot fast-forward your working tree.
After making sure that you saved anything precious from
$ git diff 318f34a7c89f9801f73fcccafc5e867e10590751
output, run
$ git reset --hard
to recover.
==== Wed May 28 20:26:01 UTC 2025 ====
From github.com:NovaTayler/NovaOpsRemote
 * branch            main       -> FETCH_HEAD
warning: fetch updated the current branch head.
fast-forwarding your working tree from
commit 7dcbab1882be5d57f2a00e12e405f416ea8583cb.
error: Your local changes to the following files would be overwritten by merge:
	genesiscore/autopush.log
	genesiscore/telemetry.log
	novapush.log
Please commit your changes or stash them before you merge.
Aborting
fatal: Cannot fast-forward your working tree.
After making sure that you saved anything precious from
$ git diff 7dcbab1882be5d57f2a00e12e405f416ea8583cb
output, run
$ git reset --hard
to recover.
==== Wed May 28 20:27:01 UTC 2025 ====
From github.com:NovaTayler/NovaOpsRemote
 * branch            main       -> FETCH_HEAD
warning: fetch updated the current branch head.
fast-forwarding your working tree from
commit db841ecd432d8051d22ab4b2413b844c662199fd.
error: Your local changes to the following files would be overwritten by merge:
	genesiscore/autopush.log
	genesiscore/telemetry.log
	novapush.log
Please commit your changes or stash them before you merge.
Aborting
fatal: Cannot fast-forward your working tree.
After making sure that you saved anything precious from
$ git diff db841ecd432d8051d22ab4b2413b844c662199fd
output, run
$ git reset --hard
to recover.
==== Wed May 28 20:28:01 UTC 2025 ====
From github.com:NovaTayler/NovaOpsRemote
 * branch            main       -> FETCH_HEAD
warning: fetch updated the current branch head.
fast-forwarding your working tree from
commit 94847f03cbdc45b9ee62e44b3d9ba6eda7733d68.
error: Your local changes to the following files would be overwritten by merge:
	genesiscore/autopush.log
	genesiscore/telemetry.log
	novapush.log
Please commit your changes or stash them before you merge.
Aborting
fatal: Cannot fast-forward your working tree.
After making sure that you saved anything precious from
$ git diff 94847f03cbdc45b9ee62e44b3d9ba6eda7733d68
output, run
$ git reset --hard
to recover.
==== Wed May 28 20:29:01 UTC 2025 ====
From github.com:NovaTayler/NovaOpsRemote
 * branch            main       -> FETCH_HEAD
warning: fetch updated the current branch head.
fast-forwarding your working tree from
commit d6b1f69bea0d44c08ed55bddc987d28e23bec3e6.
error: Your local changes to the following files would be overwritten by merge:
	genesiscore/autopush.log
	genesiscore/telemetry.log
	novapush.log
Please commit your changes or stash them before you merge.
Aborting
fatal: Cannot fast-forward your working tree.
After making sure that you saved anything precious from
$ git diff d6b1f69bea0d44c08ed55bddc987d28e23bec3e6
output, run
$ git reset --hard
to recover.
==== Wed May 28 20:30:01 UTC 2025 ====
From github.com:NovaTayler/NovaOpsRemote
 * branch            main       -> FETCH_HEAD
warning: fetch updated the current branch head.
fast-forwarding your working tree from
commit 84294e04fb588f58419f4b2d172eed1bdf2a40b2.
error: Your local changes to the following files would be overwritten by merge:
	genesiscore/autopush.log
	genesiscore/telemetry.log
	novapush.log
Please commit your changes or stash them before you merge.
Aborting
fatal: Cannot fast-forward your working tree.
After making sure that you saved anything precious from
$ git diff 84294e04fb588f58419f4b2d172eed1bdf2a40b2
output, run
$ git reset --hard
to recover.
==== Wed May 28 20:31:01 UTC 2025 ====
From github.com:NovaTayler/NovaOpsRemote
 * branch            main       -> FETCH_HEAD
warning: fetch updated the current branch head.
fast-forwarding your working tree from
commit d480282a1ea134362c7f2e51f2f5dac8a0bfb2dd.
error: Your local changes to the following files would be overwritten by merge:
	genesiscore/autopush.log
	genesiscore/telemetry.log
	novapush.log
Please commit your changes or stash them before you merge.
Aborting
fatal: Cannot fast-forward your working tree.
After making sure that you saved anything precious from
$ git diff d480282a1ea134362c7f2e51f2f5dac8a0bfb2dd
output, run
$ git reset --hard
to recover.
==== Wed May 28 20:32:01 UTC 2025 ====
From github.com:NovaTayler/NovaOpsRemote
 * branch            main       -> FETCH_HEAD
warning: fetch updated the current branch head.
fast-forwarding your working tree from
commit 3cc61db14f89fb9e588788002a04f9c37962fa4b.
error: Your local changes to the following files would be overwritten by merge:
	genesiscore/autopush.log
	genesiscore/telemetry.log
	novapush.log
Please commit your changes or stash them before you merge.
Aborting
fatal: Cannot fast-forward your working tree.
After making sure that you saved anything precious from
$ git diff 3cc61db14f89fb9e588788002a04f9c37962fa4b
output, run
$ git reset --hard
to recover.
==== Wed May 28 20:33:01 UTC 2025 ====
From github.com:NovaTayler/NovaOpsRemote
 * branch            main       -> FETCH_HEAD
warning: fetch updated the current branch head.
fast-forwarding your working tree from
commit fab6e88cefac39c87534bc11e4fed0892f61cd97.
error: Your local changes to the following files would be overwritten by merge:
	genesiscore/autopush.log
	genesiscore/telemetry.log
	novapush.log
Please commit your changes or stash them before you merge.
Aborting
fatal: Cannot fast-forward your working tree.
After making sure that you saved anything precious from
$ git diff fab6e88cefac39c87534bc11e4fed0892f61cd97
output, run
$ git reset --hard
to recover.
==== Wed May 28 20:34:01 UTC 2025 ====
From github.com:NovaTayler/NovaOpsRemote
 * branch            main       -> FETCH_HEAD
warning: fetch updated the current branch head.
fast-forwarding your working tree from
commit 73ddcb24ee12a9e061382518c262e8fefc686c4b.
error: Your local changes to the following files would be overwritten by merge:
	genesiscore/autopush.log
	genesiscore/telemetry.log
	novapush.log
Please commit your changes or stash them before you merge.
Aborting
fatal: Cannot fast-forward your working tree.
After making sure that you saved anything precious from
$ git diff 73ddcb24ee12a9e061382518c262e8fefc686c4b
output, run
$ git reset --hard
to recover.
==== Wed May 28 20:35:01 UTC 2025 ====
From github.com:NovaTayler/NovaOpsRemote
 * branch            main       -> FETCH_HEAD
warning: fetch updated the current branch head.
fast-forwarding your working tree from
commit 332703c3806f6a28d2dc9e6141191bda81b7cb45.
error: Your local changes to the following files would be overwritten by merge:
	genesiscore/autopush.log
	genesiscore/telemetry.log
	novapush.log
Please commit your changes or stash them before you merge.
Aborting
fatal: Cannot fast-forward your working tree.
After making sure that you saved anything precious from
$ git diff 332703c3806f6a28d2dc9e6141191bda81b7cb45
output, run
$ git reset --hard
to recover.
==== Wed May 28 20:36:01 UTC 2025 ====
From github.com:NovaTayler/NovaOpsRemote
 * branch            main       -> FETCH_HEAD
warning: fetch updated the current branch head.
fast-forwarding your working tree from
commit 8e49165427f3fb2672f26d34ab99fd3a953ef95f.
error: Your local changes to the following files would be overwritten by merge:
	genesiscore/autopush.log
	genesiscore/telemetry.log
	novapush.log
Please commit your changes or stash them before you merge.
Aborting
fatal: Cannot fast-forward your working tree.
After making sure that you saved anything precious from
$ git diff 8e49165427f3fb2672f26d34ab99fd3a953ef95f
output, run
$ git reset --hard
to recover.
==== Wed May 28 20:37:01 UTC 2025 ====
From github.com:NovaTayler/NovaOpsRemote
 * branch            main       -> FETCH_HEAD
warning: fetch updated the current branch head.
fast-forwarding your working tree from
commit a977f156a58fcea50961e71df8bec8ef0d427a32.
error: Your local changes to the following files would be overwritten by merge:
	genesiscore/autopush.log
	genesiscore/telemetry.log
	novapush.log
Please commit your changes or stash them before you merge.
Aborting
fatal: Cannot fast-forward your working tree.
After making sure that you saved anything precious from
$ git diff a977f156a58fcea50961e71df8bec8ef0d427a32
output, run
$ git reset --hard
to recover.
==== Wed May 28 20:38:01 UTC 2025 ====
From github.com:NovaTayler/NovaOpsRemote
 * branch            main       -> FETCH_HEAD
warning: fetch updated the current branch head.
fast-forwarding your working tree from
commit 2b7995bb8d2e5922ed6ab9002fd6f86ecea1d00e.
error: Your local changes to the following files would be overwritten by merge:
	genesiscore/autopush.log
	genesiscore/telemetry.log
	novapush.log
Please commit your changes or stash them before you merge.
Aborting
fatal: Cannot fast-forward your working tree.
After making sure that you saved anything precious from
$ git diff 2b7995bb8d2e5922ed6ab9002fd6f86ecea1d00e
output, run
$ git reset --hard
to recover.
==== Wed May 28 20:39:01 UTC 2025 ====
From github.com:NovaTayler/NovaOpsRemote
 * branch            main       -> FETCH_HEAD
warning: fetch updated the current branch head.
fast-forwarding your working tree from
commit c544dfec094a1d2816ffd56ebf32b06a751f7ff5.
error: Your local changes to the following files would be overwritten by merge:
	genesiscore/autopush.log
	genesiscore/telemetry.log
	novapush.log
Please commit your changes or stash them before you merge.
Aborting
fatal: Cannot fast-forward your working tree.
After making sure that you saved anything precious from
$ git diff c544dfec094a1d2816ffd56ebf32b06a751f7ff5
output, run
$ git reset --hard
to recover.
==== Wed May 28 20:40:01 UTC 2025 ====
