==== Wed May 28 18:55:48 UTC 2025 ====
From github.com:NovaTayler/NovaOpsRemote
 * branch            main       -> FETCH_HEAD
Already up to date.
==== Wed May 28 18:56:01 UTC 2025 ====
From github.com:NovaTayler/NovaOpsRemote
 * branch            main       -> FETCH_HEAD
Already up to date.
==== Wed May 28 18:57:01 UTC 2025 ====
From github.com:NovaTayler/NovaOpsRemote
 * branch            main       -> FETCH_HEAD
Already up to date.
==== Wed May 28 18:58:01 UTC 2025 ====
From github.com:NovaTayler/NovaOpsRemote
 * branch            main       -> FETCH_HEAD
Already up to date.
==== Wed May 28 18:59:01 UTC 2025 ====
From github.com:NovaTayler/NovaOpsRemote
 * branch            main       -> FETCH_HEAD
Already up to date.
==== Wed May 28 18:59:21 UTC 2025 ====
From github.com:NovaTayler/NovaOpsRemote
 * branch            main       -> FETCH_HEAD
Already up to date.
==== Wed May 28 19:00:01 UTC 2025 ====
From github.com:NovaTayler/NovaOpsRemote
 * branch            main       -> FETCH_HEAD
Already up to date.
==== Wed May 28 19:01:01 UTC 2025 ====
From github.com:NovaTayler/NovaOpsRemote
 * branch            main       -> FETCH_HEAD
Already up to date.
==== Wed May 28 19:01:11 UTC 2025 ====
From github.com:NovaTayler/NovaOpsRemote
 * branch            main       -> FETCH_HEAD
Already up to date.
==== Wed May 28 19:02:01 UTC 2025 ====
From github.com:NovaTayler/NovaOpsRemote
 * branch            main       -> FETCH_HEAD
Already up to date.
==== Wed May 28 19:03:01 UTC 2025 ====
From github.com:NovaTayler/NovaOpsRemote
 * branch            main       -> FETCH_HEAD
Already up to date.
==== Wed May 28 19:04:01 UTC 2025 ====
From github.com:NovaTayler/NovaOpsRemote
 * branch            main       -> FETCH_HEAD
Already up to date.
==== Wed May 28 19:05:01 UTC 2025 ====
From github.com:NovaTayler/NovaOpsRemote
 * branch            main       -> FETCH_HEAD
Already up to date.
==== Wed May 28 19:06:01 UTC 2025 ====
From github.com:NovaTayler/NovaOpsRemote
 * branch            main       -> FETCH_HEAD
Already up to date.
==== Wed May 28 19:07:01 UTC 2025 ====
From github.com:NovaTayler/NovaOpsRemote
 * branch            main       -> FETCH_HEAD
Already up to date.
==== Wed May 28 19:08:01 UTC 2025 ====
From github.com:NovaTayler/NovaOpsRemote
 * branch            main       -> FETCH_HEAD
Already up to date.
==== Wed May 28 19:09:01 UTC 2025 ====
From github.com:NovaTayler/NovaOpsRemote
 * branch            main       -> FETCH_HEAD
Already up to date.
==== Wed May 28 19:10:01 UTC 2025 ====
From github.com:NovaTayler/NovaOpsRemote
 * branch            main       -> FETCH_HEAD
Already up to date.
==== Wed May 28 19:11:01 UTC 2025 ====
From github.com:NovaTayler/NovaOpsRemote
 * branch            main       -> FETCH_HEAD
Already up to date.
==== Wed May 28 19:12:01 UTC 2025 ====
From github.com:NovaTayler/NovaOpsRemote
 * branch            main       -> FETCH_HEAD
Already up to date.
==== Wed May 28 19:13:01 UTC 2025 ====
From github.com:NovaTayler/NovaOpsRemote
 * branch            main       -> FETCH_HEAD
Already up to date.
==== Wed May 28 19:14:01 UTC 2025 ====
From github.com:NovaTayler/NovaOpsRemote
 * branch            main       -> FETCH_HEAD
Already up to date.
==== Wed May 28 19:15:01 UTC 2025 ====
From github.com:NovaTayler/NovaOpsRemote
 * branch            main       -> FETCH_HEAD
Already up to date.
==== Wed May 28 19:16:01 UTC 2025 ====
From github.com:NovaTayler/NovaOpsRemote
 * branch            main       -> FETCH_HEAD
Already up to date.
==== Wed May 28 19:17:01 UTC 2025 ====
From github.com:NovaTayler/NovaOpsRemote
 * branch            main       -> FETCH_HEAD
Already up to date.
==== Wed May 28 19:18:01 UTC 2025 ====
From github.com:NovaTayler/NovaOpsRemote
 * branch            main       -> FETCH_HEAD
Already up to date.
==== Wed May 28 19:19:01 UTC 2025 ====
From github.com:NovaTayler/NovaOpsRemote
 * branch            main       -> FETCH_HEAD
Already up to date.
==== Wed May 28 19:20:01 UTC 2025 ====
From github.com:NovaTayler/NovaOpsRemote
 * branch            main       -> FETCH_HEAD
Already up to date.
==== Wed May 28 19:21:01 UTC 2025 ====
From github.com:NovaTayler/NovaOpsRemote
 * branch            main       -> FETCH_HEAD
Already up to date.
==== Wed May 28 19:22:01 UTC 2025 ====
From github.com:NovaTayler/NovaOpsRemote
 * branch            main       -> FETCH_HEAD
Already up to date.
==== Wed May 28 19:23:01 UTC 2025 ====
From github.com:NovaTayler/NovaOpsRemote
 * branch            main       -> FETCH_HEAD
warning: fetch updated the current branch head.
fast-forwarding your working tree from
commit 42af54e702aeafdc9bbabd5c5cc4a71cddd3fade.
error: Your local changes to the following files would be overwritten by merge:
	genesiscore/telemetry.log
	novapush.log
Please commit your changes or stash them before you merge.
Aborting
fatal: Cannot fast-forward your working tree.
After making sure that you saved anything precious from
$ git diff 42af54e702aeafdc9bbabd5c5cc4a71cddd3fade
output, run
$ git reset --hard
to recover.
==== Wed May 28 19:24:01 UTC 2025 ====
From github.com:NovaTayler/NovaOpsRemote
 * branch            main       -> FETCH_HEAD
warning: fetch updated the current branch head.
fast-forwarding your working tree from
commit b1f674f9c59d0e15c224b183a98193c681cc47b6.
error: Your local changes to the following files would be overwritten by merge:
	genesiscore/telemetry.log
	novapush.log
Please commit your changes or stash them before you merge.
Aborting
fatal: Cannot fast-forward your working tree.
After making sure that you saved anything precious from
$ git diff b1f674f9c59d0e15c224b183a98193c681cc47b6
output, run
$ git reset --hard
to recover.
==== Wed May 28 19:25:01 UTC 2025 ====
From github.com:NovaTayler/NovaOpsRemote
 * branch            main       -> FETCH_HEAD
warning: fetch updated the current branch head.
fast-forwarding your working tree from
commit a39ce94b11a95c4d7fa4946ba5791688d5d9950b.
error: Your local changes to the following files would be overwritten by merge:
	novapush.log
Please commit your changes or stash them before you merge.
error: The following untracked working tree files would be overwritten by merge:
	genesiscore/autopush.log
Please move or remove them before you merge.
Aborting
fatal: Cannot fast-forward your working tree.
After making sure that you saved anything precious from
$ git diff a39ce94b11a95c4d7fa4946ba5791688d5d9950b
output, run
$ git reset --hard
to recover.
==== Wed May 28 19:26:01 UTC 2025 ====
From github.com:NovaTayler/NovaOpsRemote
 * branch            main       -> FETCH_HEAD
warning: fetch updated the current branch head.
fast-forwarding your working tree from
commit 449997ca9d74d1a92ff109c8c33e71876f91fa1f.
error: Your local changes to the following files would be overwritten by merge:
	genesiscore/autopush.log
	genesiscore/telemetry.log
	novapush.log
Please commit your changes or stash them before you merge.
error: The following untracked working tree files would be overwritten by merge:
	genesiscore/relay.out
Please move or remove them before you merge.
Aborting
fatal: Cannot fast-forward your working tree.
After making sure that you saved anything precious from
$ git diff 449997ca9d74d1a92ff109c8c33e71876f91fa1f
output, run
$ git reset --hard
to recover.
==== Wed May 28 19:27:01 UTC 2025 ====
From github.com:NovaTayler/NovaOpsRemote
 * branch            main       -> FETCH_HEAD
warning: fetch updated the current branch head.
fast-forwarding your working tree from
commit eb5ffbdb37617af5c508e08620fb5288e3b15b2f.
error: Your local changes to the following files would be overwritten by merge:
	genesiscore/autopush.log
	genesiscore/relay.out
	genesiscore/telemetry.log
	novapush.log
Please commit your changes or stash them before you merge.
error: The following untracked working tree files would be overwritten by merge:
	genesiscore/nova_shell_relay.py
Please move or remove them before you merge.
Aborting
fatal: Cannot fast-forward your working tree.
After making sure that you saved anything precious from
$ git diff eb5ffbdb37617af5c508e08620fb5288e3b15b2f
output, run
$ git reset --hard
to recover.
==== Wed May 28 19:28:01 UTC 2025 ====
From github.com:NovaTayler/NovaOpsRemote
 * branch            main       -> FETCH_HEAD
warning: fetch updated the current branch head.
fast-forwarding your working tree from
commit 6e830760d5aed45eb4ab3ce2aa2532913871ea08.
error: Your local changes to the following files would be overwritten by merge:
	genesiscore/autopush.log
	genesiscore/telemetry.log
	novapush.log
Please commit your changes or stash them before you merge.
Aborting
fatal: Cannot fast-forward your working tree.
After making sure that you saved anything precious from
$ git diff 6e830760d5aed45eb4ab3ce2aa2532913871ea08
output, run
$ git reset --hard
to recover.
==== Wed May 28 19:29:01 UTC 2025 ====
From github.com:NovaTayler/NovaOpsRemote
 * branch            main       -> FETCH_HEAD
warning: fetch updated the current branch head.
fast-forwarding your working tree from
commit ed05fe9cdd0d6936547653e3ad8b0e37aa0c55a2.
error: Your local changes to the following files would be overwritten by merge:
	genesiscore/autopush.log
	genesiscore/telemetry.log
	novapush.log
Please commit your changes or stash them before you merge.
Aborting
fatal: Cannot fast-forward your working tree.
After making sure that you saved anything precious from
$ git diff ed05fe9cdd0d6936547653e3ad8b0e37aa0c55a2
output, run
$ git reset --hard
to recover.
==== Wed May 28 19:30:01 UTC 2025 ====
From github.com:NovaTayler/NovaOpsRemote
 * branch            main       -> FETCH_HEAD
warning: fetch updated the current branch head.
fast-forwarding your working tree from
commit c4014c2358f3f65973a6e83c141d2d6fb8fbb995.
error: Your local changes to the following files would be overwritten by merge:
	genesiscore/autopush.log
	genesiscore/telemetry.log
	novapush.log
Please commit your changes or stash them before you merge.
error: The following untracked working tree files would be overwritten by merge:
	genesiscore/exec.out
	genesiscore/relay_exec.log
	genesiscore/relay_executor.py
Please move or remove them before you merge.
Aborting
fatal: Cannot fast-forward your working tree.
After making sure that you saved anything precious from
$ git diff c4014c2358f3f65973a6e83c141d2d6fb8fbb995
output, run
$ git reset --hard
to recover.
==== Wed May 28 19:31:01 UTC 2025 ====
From github.com:NovaTayler/NovaOpsRemote
 * branch            main       -> FETCH_HEAD
warning: fetch updated the current branch head.
fast-forwarding your working tree from
commit a96283749e5f860a7c86effddf22892c0bd70224.
error: Your local changes to the following files would be overwritten by merge:
	genesiscore/autopush.log
	genesiscore/relay_exec.log
	genesiscore/telemetry.log
	novapush.log
Please commit your changes or stash them before you merge.
Aborting
fatal: Cannot fast-forward your working tree.
After making sure that you saved anything precious from
$ git diff a96283749e5f860a7c86effddf22892c0bd70224
output, run
$ git reset --hard
to recover.
==== Wed May 28 19:32:01 UTC 2025 ====
From github.com:NovaTayler/NovaOpsRemote
 * branch            main       -> FETCH_HEAD
warning: fetch updated the current branch head.
fast-forwarding your working tree from
commit f77365096c124e8ab7afc295f2a7205086755ccc.
error: Your local changes to the following files would be overwritten by merge:
	genesiscore/autopush.log
	genesiscore/relay_exec.log
	genesiscore/telemetry.log
	novapush.log
Please commit your changes or stash them before you merge.
Aborting
fatal: Cannot fast-forward your working tree.
After making sure that you saved anything precious from
$ git diff f77365096c124e8ab7afc295f2a7205086755ccc
output, run
$ git reset --hard
to recover.
==== Wed May 28 19:33:01 UTC 2025 ====
From github.com:NovaTayler/NovaOpsRemote
 * branch            main       -> FETCH_HEAD
warning: fetch updated the current branch head.
fast-forwarding your working tree from
commit 07b868f013c795fd8d5f9bf38c8244bd816df8fb.
error: Your local changes to the following files would be overwritten by merge:
	genesiscore/autopush.log
	genesiscore/relay.out
	genesiscore/relay_exec.log
	genesiscore/telemetry.log
	novapush.log
Please commit your changes or stash them before you merge.
error: The following untracked working tree files would be overwritten by merge:
	command/latest.txt
Please move or remove them before you merge.
Aborting
fatal: Cannot fast-forward your working tree.
After making sure that you saved anything precious from
$ git diff 07b868f013c795fd8d5f9bf38c8244bd816df8fb
output, run
$ git reset --hard
to recover.
==== Wed May 28 19:34:01 UTC 2025 ====
From github.com:NovaTayler/NovaOpsRemote
 * branch            main       -> FETCH_HEAD
warning: fetch updated the current branch head.
fast-forwarding your working tree from
commit 2b2e473833f9ce0f92a0dbe2c02ab965c3c71b1e.
error: Your local changes to the following files would be overwritten by merge:
	genesiscore/autopush.log
	genesiscore/relay_exec.log
	genesiscore/telemetry.log
	novapush.log
Please commit your changes or stash them before you merge.
Aborting
fatal: Cannot fast-forward your working tree.
After making sure that you saved anything precious from
$ git diff 2b2e473833f9ce0f92a0dbe2c02ab965c3c71b1e
output, run
$ git reset --hard
to recover.
==== Wed May 28 19:35:01 UTC 2025 ====
From github.com:NovaTayler/NovaOpsRemote
 * branch            main       -> FETCH_HEAD
warning: fetch updated the current branch head.
fast-forwarding your working tree from
commit 93a56d5f01913fd9bb39b29c6480967f5cfed9ec.
error: Your local changes to the following files would be overwritten by merge:
	genesiscore/autopush.log
	genesiscore/relay_exec.log
	genesiscore/telemetry.log
	novapush.log
Please commit your changes or stash them before you merge.
Aborting
fatal: Cannot fast-forward your working tree.
After making sure that you saved anything precious from
$ git diff 93a56d5f01913fd9bb39b29c6480967f5cfed9ec
output, run
$ git reset --hard
to recover.
==== Wed May 28 19:36:01 UTC 2025 ====
