==== Wed May 28 18:55:48 UTC 2025 ====
From github.com:NovaTayler/NovaOpsRemote
 * branch            main       -> FETCH_HEAD
Already up to date.
==== Wed May 28 18:56:01 UTC 2025 ====
From github.com:NovaTayler/NovaOpsRemote
 * branch            main       -> FETCH_HEAD
Already up to date.
==== Wed May 28 18:57:01 UTC 2025 ====
From github.com:NovaTayler/NovaOpsRemote
 * branch            main       -> FETCH_HEAD
Already up to date.
==== Wed May 28 18:58:01 UTC 2025 ====
From github.com:NovaTayler/NovaOpsRemote
 * branch            main       -> FETCH_HEAD
Already up to date.
==== Wed May 28 18:59:01 UTC 2025 ====
From github.com:NovaTayler/NovaOpsRemote
 * branch            main       -> FETCH_HEAD
Already up to date.
==== Wed May 28 18:59:21 UTC 2025 ====
From github.com:NovaTayler/NovaOpsRemote
 * branch            main       -> FETCH_HEAD
Already up to date.
==== Wed May 28 19:00:01 UTC 2025 ====
From github.com:NovaTayler/NovaOpsRemote
 * branch            main       -> FETCH_HEAD
Already up to date.
==== Wed May 28 19:01:01 UTC 2025 ====
From github.com:NovaTayler/NovaOpsRemote
 * branch            main       -> FETCH_HEAD
Already up to date.
==== Wed May 28 19:01:11 UTC 2025 ====
From github.com:NovaTayler/NovaOpsRemote
 * branch            main       -> FETCH_HEAD
Already up to date.
==== Wed May 28 19:02:01 UTC 2025 ====
From github.com:NovaTayler/NovaOpsRemote
 * branch            main       -> FETCH_HEAD
Already up to date.
==== Wed May 28 19:03:01 UTC 2025 ====
From github.com:NovaTayler/NovaOpsRemote
 * branch            main       -> FETCH_HEAD
Already up to date.
==== Wed May 28 19:04:01 UTC 2025 ====
From github.com:NovaTayler/NovaOpsRemote
 * branch            main       -> FETCH_HEAD
Already up to date.
==== Wed May 28 19:05:01 UTC 2025 ====
From github.com:NovaTayler/NovaOpsRemote
 * branch            main       -> FETCH_HEAD
Already up to date.
==== Wed May 28 19:06:01 UTC 2025 ====
From github.com:NovaTayler/NovaOpsRemote
 * branch            main       -> FETCH_HEAD
Already up to date.
==== Wed May 28 19:07:01 UTC 2025 ====
From github.com:NovaTayler/NovaOpsRemote
 * branch            main       -> FETCH_HEAD
Already up to date.
==== Wed May 28 19:08:01 UTC 2025 ====
From github.com:NovaTayler/NovaOpsRemote
 * branch            main       -> FETCH_HEAD
Already up to date.
==== Wed May 28 19:09:01 UTC 2025 ====
From github.com:NovaTayler/NovaOpsRemote
 * branch            main       -> FETCH_HEAD
Already up to date.
==== Wed May 28 19:10:01 UTC 2025 ====
From github.com:NovaTayler/NovaOpsRemote
 * branch            main       -> FETCH_HEAD
Already up to date.
==== Wed May 28 19:11:01 UTC 2025 ====
From github.com:NovaTayler/NovaOpsRemote
 * branch            main       -> FETCH_HEAD
Already up to date.
==== Wed May 28 19:12:01 UTC 2025 ====
From github.com:NovaTayler/NovaOpsRemote
 * branch            main       -> FETCH_HEAD
Already up to date.
==== Wed May 28 19:13:01 UTC 2025 ====
From github.com:NovaTayler/NovaOpsRemote
 * branch            main       -> FETCH_HEAD
Already up to date.
==== Wed May 28 19:14:01 UTC 2025 ====
From github.com:NovaTayler/NovaOpsRemote
 * branch            main       -> FETCH_HEAD
Already up to date.
==== Wed May 28 19:15:01 UTC 2025 ====
From github.com:NovaTayler/NovaOpsRemote
 * branch            main       -> FETCH_HEAD
Already up to date.
==== Wed May 28 19:16:01 UTC 2025 ====
From github.com:NovaTayler/NovaOpsRemote
 * branch            main       -> FETCH_HEAD
Already up to date.
==== Wed May 28 19:17:01 UTC 2025 ====
From github.com:NovaTayler/NovaOpsRemote
 * branch            main       -> FETCH_HEAD
Already up to date.
==== Wed May 28 19:18:01 UTC 2025 ====
From github.com:NovaTayler/NovaOpsRemote
 * branch            main       -> FETCH_HEAD
Already up to date.
==== Wed May 28 19:19:01 UTC 2025 ====
From github.com:NovaTayler/NovaOpsRemote
 * branch            main       -> FETCH_HEAD
Already up to date.
==== Wed May 28 19:20:01 UTC 2025 ====
From github.com:NovaTayler/NovaOpsRemote
 * branch            main       -> FETCH_HEAD
Already up to date.
==== Wed May 28 19:21:01 UTC 2025 ====
From github.com:NovaTayler/NovaOpsRemote
 * branch            main       -> FETCH_HEAD
Already up to date.
==== Wed May 28 19:22:01 UTC 2025 ====
From github.com:NovaTayler/NovaOpsRemote
 * branch            main       -> FETCH_HEAD
Already up to date.
==== Wed May 28 19:23:01 UTC 2025 ====
From github.com:NovaTayler/NovaOpsRemote
 * branch            main       -> FETCH_HEAD
warning: fetch updated the current branch head.
fast-forwarding your working tree from
commit 42af54e702aeafdc9bbabd5c5cc4a71cddd3fade.
error: Your local changes to the following files would be overwritten by merge:
	genesiscore/telemetry.log
	novapush.log
Please commit your changes or stash them before you merge.
Aborting
fatal: Cannot fast-forward your working tree.
After making sure that you saved anything precious from
$ git diff 42af54e702aeafdc9bbabd5c5cc4a71cddd3fade
output, run
$ git reset --hard
to recover.
==== Wed May 28 19:24:01 UTC 2025 ====
From github.com:NovaTayler/NovaOpsRemote
 * branch            main       -> FETCH_HEAD
warning: fetch updated the current branch head.
fast-forwarding your working tree from
commit b1f674f9c59d0e15c224b183a98193c681cc47b6.
error: Your local changes to the following files would be overwritten by merge:
	genesiscore/telemetry.log
	novapush.log
Please commit your changes or stash them before you merge.
Aborting
fatal: Cannot fast-forward your working tree.
After making sure that you saved anything precious from
$ git diff b1f674f9c59d0e15c224b183a98193c681cc47b6
output, run
$ git reset --hard
to recover.
==== Wed May 28 19:25:01 UTC 2025 ====
From github.com:NovaTayler/NovaOpsRemote
 * branch            main       -> FETCH_HEAD
warning: fetch updated the current branch head.
fast-forwarding your working tree from
commit a39ce94b11a95c4d7fa4946ba5791688d5d9950b.
error: Your local changes to the following files would be overwritten by merge:
	novapush.log
Please commit your changes or stash them before you merge.
error: The following untracked working tree files would be overwritten by merge:
	genesiscore/autopush.log
Please move or remove them before you merge.
Aborting
fatal: Cannot fast-forward your working tree.
After making sure that you saved anything precious from
$ git diff a39ce94b11a95c4d7fa4946ba5791688d5d9950b
output, run
$ git reset --hard
to recover.
==== Wed May 28 19:26:01 UTC 2025 ====
From github.com:NovaTayler/NovaOpsRemote
 * branch            main       -> FETCH_HEAD
warning: fetch updated the current branch head.
fast-forwarding your working tree from
commit 449997ca9d74d1a92ff109c8c33e71876f91fa1f.
error: Your local changes to the following files would be overwritten by merge:
	genesiscore/autopush.log
	genesiscore/telemetry.log
	novapush.log
Please commit your changes or stash them before you merge.
error: The following untracked working tree files would be overwritten by merge:
	genesiscore/relay.out
Please move or remove them before you merge.
Aborting
fatal: Cannot fast-forward your working tree.
After making sure that you saved anything precious from
$ git diff 449997ca9d74d1a92ff109c8c33e71876f91fa1f
output, run
$ git reset --hard
to recover.
==== Wed May 28 19:27:01 UTC 2025 ====
